Godot Engine v4.6.3.stable.official.7d41c59c4 - https://godotengine.org

[   0% ] [90m[1mfirst_scan_filesystem[22m | Started Project initialization (5 steps)[39m[0m
[   0% ] [90m[1mfirst_scan_filesystem[22m | Scanning file structure...[39m[0m
[  16% ] [90m[1mfirst_scan_filesystem[22m | Loading global class names...[39m[0m
[  33% ] [90m[1mfirst_scan_filesystem[22m | Verifying GDExtensions...[39m[0m
[  50% ] [90m[1mfirst_scan_filesystem[22m | Creating autoload scripts...[39m[0m
[  66% ] [90m[1mfirst_scan_filesystem[22m | Initializing plugins...[39m[0m
[  83% ] [90m[1mfirst_scan_filesystem[22m | Starting file scan...[39m[0m
[92m[ DONE ][39m [1mfirst_scan_filesystem[22m
[0m
[   0% ] [90m[1mexport[22m | Started Exporting for Android (105 steps)[39m[0m
0 param: --xr_mode_regular
1 param: --xr-mode
2 param: off
3 param: --fullscreen
4 param: --edge_to_edge
5 param: --background_color
6 param: #000000
[   0% ] [90m[1mexport[22m | Creating APK...[39m[0m
ADDING: META-INF/com/android/build/gradle/app-metadata.properties
ADDING: META-INF/version-control-info.textproto
ADDING: assets/dexopt/baseline.prof
ADDING: assets/dexopt/baseline.profm
ADDING: classes.dex
ADDING: lib/arm64-v8a/libc++_shared.so
ADDING: lib/arm64-v8a/libgodot_android.so
Adding application metadata org.godotengine.rendering.method
Adding application metadata org.godotengine.editor.version
Adding feature android.hardware.vulkan.level
Adding feature android.hardware.vulkan.version
Adding permission android.permission.VIBRATE
ADDING: AndroidManifest.xml
ADDING: res/anim-v21/fragment_fast_out_extra_slow_in.xml
ADDING: res/animator/fragment_close_enter.xml
ADDING: res/animator/fragment_close_exit.xml
ADDING: res/animator/fragment_fade_enter.xml
ADDING: res/animator/fragment_fade_exit.xml
ADDING: res/animator/fragment_open_enter.xml
ADDING: res/animator/fragment_open_exit.xml
ADDING: res/drawable-hdpi-v4/notification_bg_low_normal.9.png
ADDING: res/drawable-hdpi-v4/notification_bg_low_pressed.9.png
ADDING: res/drawable-hdpi-v4/notification_bg_normal.9.png
ADDING: res/drawable-hdpi-v4/notification_bg_normal_pressed.9.png
ADDING: res/drawable-hdpi-v4/notify_panel_notification_icon_bg.png
ADDING: res/drawable-mdpi-v4/notification_bg_low_normal.9.png
ADDING: res/drawable-mdpi-v4/notification_bg_low_pressed.9.png
ADDING: res/drawable-mdpi-v4/notification_bg_normal.9.png
ADDING: res/drawable-mdpi-v4/notification_bg_normal_pressed.9.png
ADDING: res/drawable-mdpi-v4/notify_panel_notification_icon_bg.png
ADDING: res/drawable-v21/notification_action_background.xml
ADDING: res/drawable-v23/compat_splash_screen.xml
ADDING: res/drawable-v23/compat_splash_screen_no_icon_background.xml
ADDING: res/drawable-xhdpi-v4/notification_bg_low_normal.9.png
ADDING: res/drawable-xhdpi-v4/notification_bg_low_pressed.9.png
ADDING: res/drawable-xhdpi-v4/notification_bg_normal.9.png
ADDING: res/drawable-xhdpi-v4/notification_bg_normal_pressed.9.png
ADDING: res/drawable-xhdpi-v4/notify_panel_notification_icon_bg.png
ADDING: res/drawable/icon_background.xml
ADDING: res/drawable/notification_bg.xml
ADDING: res/drawable/notification_bg_low.xml
ADDING: res/drawable/notification_icon_background.xml
ADDING: res/drawable/notification_tile_bg.xml
ADDING: res/layout-v21/notification_action.xml
ADDING: res/layout-v21/notification_action_tombstone.xml
ADDING: res/layout-v21/notification_template_custom_big.xml
ADDING: res/layout-v21/notification_template_icon_group.xml
ADDING: res/layout/custom_dialog.xml
ADDING: res/layout/downloading_expansion.xml
ADDING: res/layout/godot_app_layout.xml
ADDING: res/layout/notification_template_part_chronometer.xml
ADDING: res/layout/notification_template_part_time.xml
ADDING: res/layout/remote_godot_fragment_layout.xml
ADDING: res/layout/snackbar.xml
ADDING: res/layout/splash_screen_view.xml
ADDING: res/layout/status_bar_ongoing_event_progress_bar.xml
ADDING: res/mipmap-anydpi-v26/icon.xml
ADDING: res/mipmap-hdpi-v4/icon.webp
ADDING: res/mipmap-hdpi-v4/icon_background.webp
ADDING: res/mipmap-hdpi-v4/icon_foreground.webp
ADDING: res/mipmap-hdpi-v4/icon_monochrome.webp
ADDING: res/mipmap-mdpi-v4/icon.webp
ADDING: res/mipmap-mdpi-v4/icon_background.webp
ADDING: res/mipmap-mdpi-v4/icon_foreground.webp
ADDING: res/mipmap-mdpi-v4/icon_monochrome.webp
ADDING: res/mipmap-xhdpi-v4/icon.webp
ADDING: res/mipmap-xhdpi-v4/icon_background.webp
ADDING: res/mipmap-xhdpi-v4/icon_foreground.webp
ADDING: res/mipmap-xhdpi-v4/icon_monochrome.webp
ADDING: res/mipmap-xxhdpi-v4/icon.webp
ADDING: res/mipmap-xxhdpi-v4/icon_background.webp
ADDING: res/mipmap-xxhdpi-v4/icon_foreground.webp
ADDING: res/mipmap-xxhdpi-v4/icon_monochrome.webp
ADDING: res/mipmap-xxxhdpi-v4/icon.webp
ADDING: res/mipmap-xxxhdpi-v4/icon_background.webp
ADDING: res/mipmap-xxxhdpi-v4/icon_foreground.webp
ADDING: res/mipmap-xxxhdpi-v4/icon_monochrome.webp
ADDING: res/mipmap/icon.webp
ADDING: res/mipmap/icon_background.webp
ADDING: res/mipmap/icon_foreground.webp
ADDING: res/mipmap/icon_monochrome.webp
ADDING: res/xml/godot_provider_paths.xml
ADDING: resources.arsc
ADDING: DebugProbesKt.bin
ADDING: META-INF/androidx.activity_activity.version
ADDING: META-INF/androidx.annotation_annotation-experimental.version
ADDING: META-INF/androidx.arch.core_core-runtime.version
ADDING: META-INF/androidx.core_core-ktx.version
ADDING: META-INF/androidx.core_core-splashscreen.version
ADDING: META-INF/androidx.core_core.version
ADDING: META-INF/androidx.customview_customview.version
ADDING: META-INF/androidx.documentfile_documentfile.version
ADDING: META-INF/androidx.fragment_fragment.version
ADDING: META-INF/androidx.lifecycle_lifecycle-livedata-core.version
ADDING: META-INF/androidx.lifecycle_lifecycle-livedata.version
ADDING: META-INF/androidx.lifecycle_lifecycle-runtime.version
ADDING: META-INF/androidx.lifecycle_lifecycle-viewmodel-savedstate.version
ADDING: META-INF/androidx.lifecycle_lifecycle-viewmodel.version
ADDING: META-INF/androidx.loader_loader.version
ADDING: META-INF/androidx.profileinstaller_profileinstaller.version
ADDING: META-INF/androidx.savedstate_savedstate.version
ADDING: META-INF/androidx.startup_startup-runtime.version
ADDING: META-INF/androidx.tracing_tracing.version
ADDING: META-INF/androidx.versionedparcelable_versionedparcelable.version
ADDING: META-INF/androidx.viewpager_viewpager.version
ADDING: META-INF/kotlinx_coroutines_android.version
ADDING: META-INF/kotlinx_coroutines_core.version
ADDING: META-INF/services/kotlinx.coroutines.CoroutineExceptionHandler
ADDING: META-INF/services/kotlinx.coroutines.internal.MainDispatcherFactory
ADDING: META-INF/versions/9/OSGI-INF/MANIFEST.MF
ADDING: kotlin-tooling-metadata.json
ADDING: kotlin/annotation/annotation.kotlin_builtins
ADDING: kotlin/collections/collections.kotlin_builtins
ADDING: kotlin/concurrent/atomics/atomics.kotlin_builtins
ADDING: kotlin/coroutines/coroutines.kotlin_builtins
ADDING: kotlin/internal/internal.kotlin_builtins
ADDING: kotlin/kotlin.kotlin_builtins
ADDING: kotlin/ranges/ranges.kotlin_builtins
ADDING: kotlin/reflect/reflect.kotlin_builtins
[   0% ] [90m[1mexport[22m | Adding files...[39m[0m
[  99% ] [90m[1mexport[22m | Aligning APK...[39m[0m
[92m[ DONE ][39m [1mexport[22m
[0m
