Godot Engine v4.6.3.stable.official.7d41c59c4 - https://godotengine.org

FLOAT_MATRIX_PROGRESS species=common_carp gear=0 runs=16
FLOAT_MATRIX_PROGRESS species=common_carp gear=3 runs=32
FLOAT_MATRIX_PROGRESS species=common_carp gear=4 runs=48
FLOAT_MATRIX_PROGRESS species=crucian_carp gear=0 runs=64
FLOAT_MATRIX_PROGRESS species=crucian_carp gear=3 runs=80
FLOAT_MATRIX_PROGRESS species=crucian_carp gear=4 runs=96
FLOAT_MATRIX_PROGRESS species=roach gear=0 runs=112
FLOAT_MATRIX_PROGRESS species=roach gear=3 runs=128
FLOAT_MATRIX_PROGRESS species=roach gear=4 runs=144
FAIL FLOAT_ENCOUNTER: no tilt sign snap during fish turn or reapproach: rudd/0/71228
FLOAT_MATRIX_PROGRESS species=rudd gear=0 runs=160
FAIL FLOAT_ENCOUNTER: no tilt sign snap during fish turn or reapproach: rudd/3/71228
FLOAT_MATRIX_PROGRESS species=rudd gear=3 runs=176
FAIL FLOAT_ENCOUNTER: no tilt sign snap during fish turn or reapproach: rudd/4/71228
FLOAT_MATRIX_PROGRESS species=rudd gear=4 runs=192
FAIL FLOAT_ENCOUNTER: no tilt sign snap during fish turn or reapproach: european_perch/0/71228
FLOAT_MATRIX_PROGRESS species=european_perch gear=0 runs=208
FAIL FLOAT_ENCOUNTER: no tilt sign snap during fish turn or reapproach: european_perch/3/71228
FLOAT_MATRIX_PROGRESS species=european_perch gear=3 runs=224
FAIL FLOAT_ENCOUNTER: no tilt sign snap during fish turn or reapproach: european_perch/4/71228
FLOAT_MATRIX_PROGRESS species=european_perch gear=4 runs=240
FAIL FLOAT_ENCOUNTER: no tilt sign snap during fish turn or reapproach: northern_pike/1/71228
FLOAT_MATRIX_PROGRESS species=northern_pike gear=1 runs=256
FAIL FLOAT_ENCOUNTER: no tilt sign snap during fish turn or reapproach: northern_pike/3/71228
FLOAT_MATRIX_PROGRESS species=northern_pike gear=3 runs=272
FAIL FLOAT_ENCOUNTER: no tilt sign snap during fish turn or reapproach: northern_pike/4/71228
FLOAT_MATRIX_PROGRESS species=northern_pike gear=4 runs=288
FLOAT_MATRIX_PROGRESS species=common_bream gear=0 runs=304
FLOAT_MATRIX_PROGRESS species=common_bream gear=3 runs=320
FLOAT_MATRIX_PROGRESS species=common_bream gear=4 runs=336
FLOAT_MATRIX_PROGRESS species=tench gear=0 runs=352
FLOAT_MATRIX_PROGRESS species=tench gear=3 runs=368
FLOAT_MATRIX_PROGRESS species=tench gear=4 runs=384
FAIL FLOAT_ENCOUNTER: no tilt sign snap during fish turn or reapproach: japanese_horse_mackerel/0/71228
FLOAT_MATRIX_PROGRESS species=japanese_horse_mackerel gear=0 runs=400
FAIL FLOAT_ENCOUNTER: no tilt sign snap during fish turn or reapproach: japanese_horse_mackerel/3/71228
FLOAT_MATRIX_PROGRESS species=japanese_horse_mackerel gear=3 runs=416
FAIL FLOAT_ENCOUNTER: no tilt sign snap during fish turn or reapproach: japanese_horse_mackerel/4/71228
FLOAT_MATRIX_PROGRESS species=japanese_horse_mackerel gear=4 runs=432
FAIL FLOAT_ENCOUNTER: no tilt sign snap during fish turn or reapproach: chub_mackerel/1/71228
FLOAT_MATRIX_PROGRESS species=chub_mackerel gear=1 runs=448
FAIL FLOAT_ENCOUNTER: no tilt sign snap during fish turn or reapproach: chub_mackerel/3/71228
FLOAT_MATRIX_PROGRESS species=chub_mackerel gear=3 runs=464
FAIL FLOAT_ENCOUNTER: no tilt sign snap during fish turn or reapproach: chub_mackerel/4/71228
FLOAT_MATRIX_PROGRESS species=chub_mackerel gear=4 runs=480
FLOAT_MATRIX_PROGRESS species=red_seabream gear=1 runs=496
FLOAT_MATRIX_PROGRESS species=red_seabream gear=3 runs=512
FLOAT_MATRIX_PROGRESS species=red_seabream gear=4 runs=528
FLOAT_MATRIX_PROGRESS species=black_seabream gear=1 runs=544
FLOAT_MATRIX_PROGRESS species=black_seabream gear=3 runs=560
FLOAT_MATRIX_PROGRESS species=black_seabream gear=4 runs=576
FAIL FLOAT_ENCOUNTER: no tilt sign snap during fish turn or reapproach: japanese_seabass/1/71228
FLOAT_MATRIX_PROGRESS species=japanese_seabass gear=1 runs=592
FAIL FLOAT_ENCOUNTER: no tilt sign snap during fish turn or reapproach: japanese_seabass/3/71228
FLOAT_MATRIX_PROGRESS species=japanese_seabass gear=3 runs=608
FAIL FLOAT_ENCOUNTER: no tilt sign snap during fish turn or reapproach: japanese_seabass/4/71228
FLOAT_MATRIX_PROGRESS species=japanese_seabass gear=4 runs=624
FLOAT_MATRIX_PROGRESS species=japanese_whiting gear=0 runs=640
FLOAT_MATRIX_PROGRESS species=japanese_whiting gear=3 runs=656
FLOAT_MATRIX_PROGRESS species=japanese_whiting gear=4 runs=672
FLOAT_MATRIX_PROGRESS species=marbled_rockfish gear=1 runs=688
FLOAT_MATRIX_PROGRESS species=marbled_rockfish gear=3 runs=704
FLOAT_MATRIX_PROGRESS species=marbled_rockfish gear=4 runs=720
FLOAT_MATRIX_PROGRESS species=olive_flounder gear=1 runs=736
FLOAT_MATRIX_PROGRESS species=olive_flounder gear=3 runs=752
FLOAT_MATRIX_PROGRESS species=olive_flounder gear=4 runs=768
FLOAT_MATRIX_PROGRESS species=atlantic_cod gear=1 runs=784
FLOAT_MATRIX_PROGRESS species=atlantic_cod gear=3 runs=800
FLOAT_MATRIX_PROGRESS species=atlantic_cod gear=4 runs=816
FAIL FLOAT_ENCOUNTER: no tilt sign snap during fish turn or reapproach: pollack/1/71228
FLOAT_MATRIX_PROGRESS species=pollack gear=1 runs=832
FAIL FLOAT_ENCOUNTER: no tilt sign snap during fish turn or reapproach: pollack/3/71228
FLOAT_MATRIX_PROGRESS species=pollack gear=3 runs=848
FAIL FLOAT_ENCOUNTER: no tilt sign snap during fish turn or reapproach: pollack/4/71228
FLOAT_MATRIX_PROGRESS species=pollack gear=4 runs=864
FAIL FLOAT_ENCOUNTER: no tilt sign snap during fish turn or reapproach: saithe/1/71228
FLOAT_MATRIX_PROGRESS species=saithe gear=1 runs=880
FAIL FLOAT_ENCOUNTER: no tilt sign snap during fish turn or reapproach: saithe/3/71228
FLOAT_MATRIX_PROGRESS species=saithe gear=3 runs=896
FAIL FLOAT_ENCOUNTER: no tilt sign snap during fish turn or reapproach: saithe/4/71228
FLOAT_MATRIX_PROGRESS species=saithe gear=4 runs=912
FLOAT_MATRIX_PROGRESS species=haddock gear=2 runs=928
FLOAT_MATRIX_PROGRESS species=haddock gear=4 runs=944
FAIL FLOAT_ENCOUNTER: no tilt sign snap during fish turn or reapproach: atlantic_mackerel/1/71228
FLOAT_MATRIX_PROGRESS species=atlantic_mackerel gear=1 runs=960
FAIL FLOAT_ENCOUNTER: no tilt sign snap during fish turn or reapproach: atlantic_mackerel/3/71228
FLOAT_MATRIX_PROGRESS species=atlantic_mackerel gear=3 runs=976
FAIL FLOAT_ENCOUNTER: no tilt sign snap during fish turn or reapproach: atlantic_mackerel/4/71228
FLOAT_MATRIX_PROGRESS species=atlantic_mackerel gear=4 runs=992
FAIL FLOAT_ENCOUNTER: no tilt sign snap during fish turn or reapproach: atlantic_herring/2/71228
FLOAT_MATRIX_PROGRESS species=atlantic_herring gear=2 runs=1008
FAIL FLOAT_ENCOUNTER: no tilt sign snap during fish turn or reapproach: atlantic_herring/3/71228
FLOAT_MATRIX_PROGRESS species=atlantic_herring gear=3 runs=1024
FAIL FLOAT_ENCOUNTER: no tilt sign snap during fish turn or reapproach: atlantic_herring/4/71228
FLOAT_MATRIX_PROGRESS species=atlantic_herring gear=4 runs=1040
FLOAT_MATRIX_PROGRESS species=european_plaice gear=1 runs=1056
FLOAT_MATRIX_PROGRESS species=european_plaice gear=3 runs=1072
FLOAT_MATRIX_PROGRESS species=european_plaice gear=4 runs=1088
FLOAT_MATRIX_PROGRESS species=atlantic_wolffish gear=2 runs=1104
FAIL FLOAT_ENCOUNTER: no tilt sign snap during fish turn or reapproach: european_seabass/1/71228
FLOAT_MATRIX_PROGRESS species=european_seabass gear=1 runs=1120
FAIL FLOAT_ENCOUNTER: no tilt sign snap during fish turn or reapproach: european_seabass/3/71228
FLOAT_MATRIX_PROGRESS species=european_seabass gear=3 runs=1136
FAIL FLOAT_ENCOUNTER: no tilt sign snap during fish turn or reapproach: european_seabass/4/71228
FLOAT_MATRIX_PROGRESS species=european_seabass gear=4 runs=1152
FLOAT_MATRIX_PROGRESS species=gilthead_seabream gear=1 runs=1168
FLOAT_MATRIX_PROGRESS species=gilthead_seabream gear=3 runs=1184
FLOAT_MATRIX_PROGRESS species=gilthead_seabream gear=4 runs=1200
FAIL FLOAT_ENCOUNTER: no tilt sign snap during fish turn or reapproach: saddled_seabream/1/71228
FLOAT_MATRIX_PROGRESS species=saddled_seabream gear=1 runs=1216
FAIL FLOAT_ENCOUNTER: no tilt sign snap during fish turn or reapproach: saddled_seabream/3/71228
FLOAT_MATRIX_PROGRESS species=saddled_seabream gear=3 runs=1232
FAIL FLOAT_ENCOUNTER: no tilt sign snap during fish turn or reapproach: saddled_seabream/4/71228
FLOAT_MATRIX_PROGRESS species=saddled_seabream gear=4 runs=1248
FLOAT_MATRIX_PROGRESS species=white_seabream gear=1 runs=1264
FLOAT_MATRIX_PROGRESS species=white_seabream gear=3 runs=1280
FLOAT_MATRIX_PROGRESS species=white_seabream gear=4 runs=1296
FLOAT_MATRIX_PROGRESS species=annular_seabream gear=1 runs=1312
FLOAT_MATRIX_PROGRESS species=annular_seabream gear=3 runs=1328
FLOAT_MATRIX_PROGRESS species=annular_seabream gear=4 runs=1344
FLOAT_MATRIX_PROGRESS species=red_mullet gear=1 runs=1360
FLOAT_MATRIX_PROGRESS species=red_mullet gear=3 runs=1376
FLOAT_MATRIX_PROGRESS species=red_mullet gear=4 runs=1392
FAIL FLOAT_ENCOUNTER: no tilt sign snap during fish turn or reapproach: painted_comber/1/71228
FLOAT_MATRIX_PROGRESS species=painted_comber gear=1 runs=1408
FAIL FLOAT_ENCOUNTER: no tilt sign snap during fish turn or reapproach: painted_comber/3/71228
FLOAT_MATRIX_PROGRESS species=painted_comber gear=3 runs=1424
FAIL FLOAT_ENCOUNTER: no tilt sign snap during fish turn or reapproach: painted_comber/4/71228
FLOAT_MATRIX_PROGRESS species=painted_comber gear=4 runs=1440
FLOAT_MATRIX_PROGRESS species=common_pandora gear=1 runs=1456
FLOAT_MATRIX_PROGRESS species=common_pandora gear=3 runs=1472
FLOAT_MATRIX_PROGRESS species=common_pandora gear=4 runs=1488
FLOAT_MATRIX_PROGRESS species=alligator_gar gear=2 runs=1504
FLOAT_MATRIX_PROGRESS species=alligator_gar gear=3 runs=1520
FLOAT_MATRIX_PROGRESS species=alligator_gar gear=4 runs=1536
FAIL FLOAT_ENCOUNTER: no tilt sign snap during fish turn or reapproach: longnose_gar/1/71228
FLOAT_MATRIX_PROGRESS species=longnose_gar gear=1 runs=1552
FAIL FLOAT_ENCOUNTER: no tilt sign snap during fish turn or reapproach: longnose_gar/3/71228
FLOAT_MATRIX_PROGRESS species=longnose_gar gear=3 runs=1568
FAIL FLOAT_ENCOUNTER: no tilt sign snap during fish turn or reapproach: longnose_gar/4/71228
FLOAT_MATRIX_PROGRESS species=longnose_gar gear=4 runs=1584
FAIL FLOAT_ENCOUNTER: no tilt sign snap during fish turn or reapproach: bowfin/1/71228
FLOAT_MATRIX_PROGRESS species=bowfin gear=1 runs=1600
FAIL FLOAT_ENCOUNTER: no tilt sign snap during fish turn or reapproach: bowfin/3/71228
FLOAT_MATRIX_PROGRESS species=bowfin gear=3 runs=1616
FAIL FLOAT_ENCOUNTER: no tilt sign snap during fish turn or reapproach: bowfin/4/71228
FLOAT_MATRIX_PROGRESS species=bowfin gear=4 runs=1632
FAIL FLOAT_ENCOUNTER: no tilt sign snap during fish turn or reapproach: largemouth_bass/1/71228
FLOAT_MATRIX_PROGRESS species=largemouth_bass gear=1 runs=1648
FAIL FLOAT_ENCOUNTER: no tilt sign snap during fish turn or reapproach: largemouth_bass/3/71228
FLOAT_MATRIX_PROGRESS species=largemouth_bass gear=3 runs=1664
FAIL FLOAT_ENCOUNTER: no tilt sign snap during fish turn or reapproach: largemouth_bass/4/71228
FLOAT_MATRIX_PROGRESS species=largemouth_bass gear=4 runs=1680
FLOAT_MATRIX_PROGRESS species=channel_catfish gear=1 runs=1696
FLOAT_MATRIX_PROGRESS species=channel_catfish gear=3 runs=1712
FLOAT_MATRIX_PROGRESS species=channel_catfish gear=4 runs=1728
FLOAT_MATRIX_PROGRESS species=flathead_catfish gear=2 runs=1744
FLOAT_MATRIX_PROGRESS species=flathead_catfish gear=3 runs=1760
FLOAT_MATRIX_PROGRESS species=flathead_catfish gear=4 runs=1776
FLOAT_MATRIX_PROGRESS species=chinese_sturgeon gear=2 runs=1792
FLOAT_MATRIX_PROGRESS species=chinese_sturgeon gear=3 runs=1808
FLOAT_MATRIX_PROGRESS species=chinese_sturgeon gear=4 runs=1824
FAIL FLOAT_ENCOUNTER: no tilt sign snap during fish turn or reapproach: mandarin_fish/1/71228
FLOAT_MATRIX_PROGRESS species=mandarin_fish gear=1 runs=1840
FAIL FLOAT_ENCOUNTER: no tilt sign snap during fish turn or reapproach: mandarin_fish/3/71228
FLOAT_MATRIX_PROGRESS species=mandarin_fish gear=3 runs=1856
FAIL FLOAT_ENCOUNTER: no tilt sign snap during fish turn or reapproach: mandarin_fish/4/71228
FLOAT_MATRIX_PROGRESS species=mandarin_fish gear=4 runs=1872
FAIL FLOAT_ENCOUNTER: no tilt sign snap during fish turn or reapproach: northern_snakehead/1/71228
FLOAT_MATRIX_PROGRESS species=northern_snakehead gear=1 runs=1888
FAIL FLOAT_ENCOUNTER: no tilt sign snap during fish turn or reapproach: northern_snakehead/3/71228
FLOAT_MATRIX_PROGRESS species=northern_snakehead gear=3 runs=1904
FAIL FLOAT_ENCOUNTER: no tilt sign snap during fish turn or reapproach: northern_snakehead/4/71228
FLOAT_MATRIX_PROGRESS species=northern_snakehead gear=4 runs=1920
FAIL FLOAT_ENCOUNTER: no tilt sign snap during fish turn or reapproach: yellowcheek/1/71228
FLOAT_MATRIX_PROGRESS species=yellowcheek gear=1 runs=1936
FAIL FLOAT_ENCOUNTER: no tilt sign snap during fish turn or reapproach: yellowcheek/3/71228
FLOAT_MATRIX_PROGRESS species=yellowcheek gear=3 runs=1952
FAIL FLOAT_ENCOUNTER: no tilt sign snap during fish turn or reapproach: yellowcheek/4/71228
FLOAT_MATRIX_PROGRESS species=yellowcheek gear=4 runs=1968
FLOAT_MATRIX_PROGRESS species=southern_catfish gear=1 runs=1984
FLOAT_MATRIX_PROGRESS species=southern_catfish gear=3 runs=2000
FLOAT_MATRIX_PROGRESS species=southern_catfish gear=4 runs=2016
FLOAT_MATRIX_PROGRESS species=longsnout_catfish gear=1 runs=2032
FLOAT_MATRIX_PROGRESS species=longsnout_catfish gear=3 runs=2048
FLOAT_MATRIX_PROGRESS species=longsnout_catfish gear=4 runs=2064
FLOAT_ENCOUNTER_TESTS: 1070/1127 passed; failures=57; simulations=2064; passive_traces=258
