Godot Engine v4.6.3.stable.official.7d41c59c4 - https://godotengine.org

FLOAT_MATRIX_PROGRESS species=common_carp gear=0 runs=168
FLOAT_MATRIX_PROGRESS species=common_carp gear=3 runs=336
FLOAT_MATRIX_PROGRESS species=common_carp gear=4 runs=504
FLOAT_MATRIX_PROGRESS species=crucian_carp gear=0 runs=672
FLOAT_MATRIX_PROGRESS species=crucian_carp gear=3 runs=840
FLOAT_MATRIX_PROGRESS species=crucian_carp gear=4 runs=1008
FLOAT_MATRIX_PROGRESS species=roach gear=0 runs=1176
FLOAT_MATRIX_PROGRESS species=roach gear=3 runs=1344
FLOAT_MATRIX_PROGRESS species=roach gear=4 runs=1512
FLOAT_MATRIX_PROGRESS species=rudd gear=0 runs=1680
FLOAT_MATRIX_PROGRESS species=rudd gear=3 runs=1848
FLOAT_MATRIX_PROGRESS species=rudd gear=4 runs=2016
FLOAT_MATRIX_PROGRESS species=european_perch gear=0 runs=2184
FLOAT_MATRIX_PROGRESS species=european_perch gear=3 runs=2352
FLOAT_MATRIX_PROGRESS species=european_perch gear=4 runs=2520
FLOAT_MATRIX_PROGRESS species=northern_pike gear=1 runs=2688
FLOAT_MATRIX_PROGRESS species=northern_pike gear=3 runs=2856
FLOAT_MATRIX_PROGRESS species=northern_pike gear=4 runs=3024
FLOAT_MATRIX_PROGRESS species=common_bream gear=0 runs=3192
FLOAT_MATRIX_PROGRESS species=common_bream gear=3 runs=3360
FLOAT_MATRIX_PROGRESS species=common_bream gear=4 runs=3528
FLOAT_MATRIX_PROGRESS species=tench gear=0 runs=3696
FLOAT_MATRIX_PROGRESS species=tench gear=3 runs=3864
FLOAT_MATRIX_PROGRESS species=tench gear=4 runs=4032
FLOAT_MATRIX_PROGRESS species=japanese_horse_mackerel gear=0 runs=4200
FLOAT_MATRIX_PROGRESS species=japanese_horse_mackerel gear=3 runs=4368
FLOAT_MATRIX_PROGRESS species=japanese_horse_mackerel gear=4 runs=4536
FLOAT_MATRIX_PROGRESS species=chub_mackerel gear=1 runs=4704
FLOAT_MATRIX_PROGRESS species=chub_mackerel gear=3 runs=4872
FLOAT_MATRIX_PROGRESS species=chub_mackerel gear=4 runs=5040
FLOAT_MATRIX_PROGRESS species=red_seabream gear=1 runs=5208
FLOAT_MATRIX_PROGRESS species=red_seabream gear=3 runs=5376
FLOAT_MATRIX_PROGRESS species=red_seabream gear=4 runs=5544
FLOAT_MATRIX_PROGRESS species=black_seabream gear=1 runs=5712
FLOAT_MATRIX_PROGRESS species=black_seabream gear=3 runs=5880
FLOAT_MATRIX_PROGRESS species=black_seabream gear=4 runs=6048
FLOAT_MATRIX_PROGRESS species=japanese_seabass gear=1 runs=6216
FLOAT_MATRIX_PROGRESS species=japanese_seabass gear=3 runs=6384
FLOAT_MATRIX_PROGRESS species=japanese_seabass gear=4 runs=6552
FLOAT_MATRIX_PROGRESS species=japanese_whiting gear=0 runs=6720
FLOAT_MATRIX_PROGRESS species=japanese_whiting gear=3 runs=6888
FLOAT_MATRIX_PROGRESS species=japanese_whiting gear=4 runs=7056
FLOAT_MATRIX_PROGRESS species=marbled_rockfish gear=1 runs=7224
FLOAT_MATRIX_PROGRESS species=marbled_rockfish gear=3 runs=7392
FLOAT_MATRIX_PROGRESS species=marbled_rockfish gear=4 runs=7560
FLOAT_MATRIX_PROGRESS species=olive_flounder gear=1 runs=7728
FLOAT_MATRIX_PROGRESS species=olive_flounder gear=3 runs=7896
FLOAT_MATRIX_PROGRESS species=olive_flounder gear=4 runs=8064
FLOAT_MATRIX_PROGRESS species=atlantic_cod gear=1 runs=8232
FLOAT_MATRIX_PROGRESS species=atlantic_cod gear=3 runs=8400
FLOAT_MATRIX_PROGRESS species=atlantic_cod gear=4 runs=8568
FLOAT_MATRIX_PROGRESS species=pollack gear=1 runs=8736
FLOAT_MATRIX_PROGRESS species=pollack gear=3 runs=8904
FLOAT_MATRIX_PROGRESS species=pollack gear=4 runs=9072
FLOAT_MATRIX_PROGRESS species=saithe gear=1 runs=9240
FLOAT_MATRIX_PROGRESS species=saithe gear=3 runs=9408
FLOAT_MATRIX_PROGRESS species=saithe gear=4 runs=9576
FLOAT_MATRIX_PROGRESS species=haddock gear=2 runs=9744
FLOAT_MATRIX_PROGRESS species=haddock gear=4 runs=9912
FLOAT_MATRIX_PROGRESS species=atlantic_mackerel gear=1 runs=10080
FLOAT_MATRIX_PROGRESS species=atlantic_mackerel gear=3 runs=10248
FLOAT_MATRIX_PROGRESS species=atlantic_mackerel gear=4 runs=10416
FLOAT_MATRIX_PROGRESS species=atlantic_herring gear=2 runs=10584
FLOAT_MATRIX_PROGRESS species=atlantic_herring gear=3 runs=10752
FLOAT_MATRIX_PROGRESS species=atlantic_herring gear=4 runs=10920
FLOAT_MATRIX_PROGRESS species=european_plaice gear=1 runs=11088
FLOAT_MATRIX_PROGRESS species=european_plaice gear=3 runs=11256
FLOAT_MATRIX_PROGRESS species=european_plaice gear=4 runs=11424
FLOAT_MATRIX_PROGRESS species=atlantic_wolffish gear=2 runs=11592
FLOAT_MATRIX_PROGRESS species=european_seabass gear=1 runs=11760
FLOAT_MATRIX_PROGRESS species=european_seabass gear=3 runs=11928
FLOAT_MATRIX_PROGRESS species=european_seabass gear=4 runs=12096
FLOAT_MATRIX_PROGRESS species=gilthead_seabream gear=1 runs=12264
FLOAT_MATRIX_PROGRESS species=gilthead_seabream gear=3 runs=12432
FLOAT_MATRIX_PROGRESS species=gilthead_seabream gear=4 runs=12600
FLOAT_MATRIX_PROGRESS species=saddled_seabream gear=1 runs=12768
FLOAT_MATRIX_PROGRESS species=saddled_seabream gear=3 runs=12936
FLOAT_MATRIX_PROGRESS species=saddled_seabream gear=4 runs=13104
FLOAT_MATRIX_PROGRESS species=white_seabream gear=1 runs=13272
FLOAT_MATRIX_PROGRESS species=white_seabream gear=3 runs=13440
FLOAT_MATRIX_PROGRESS species=white_seabream gear=4 runs=13608
FLOAT_MATRIX_PROGRESS species=annular_seabream gear=1 runs=13776
FLOAT_MATRIX_PROGRESS species=annular_seabream gear=3 runs=13944
FLOAT_MATRIX_PROGRESS species=annular_seabream gear=4 runs=14112
FLOAT_MATRIX_PROGRESS species=red_mullet gear=1 runs=14280
FLOAT_MATRIX_PROGRESS species=red_mullet gear=3 runs=14448
FLOAT_MATRIX_PROGRESS species=red_mullet gear=4 runs=14616
FLOAT_MATRIX_PROGRESS species=painted_comber gear=1 runs=14784
FLOAT_MATRIX_PROGRESS species=painted_comber gear=3 runs=14952
FLOAT_MATRIX_PROGRESS species=painted_comber gear=4 runs=15120
FLOAT_MATRIX_PROGRESS species=common_pandora gear=1 runs=15288
FLOAT_MATRIX_PROGRESS species=common_pandora gear=3 runs=15456
FLOAT_MATRIX_PROGRESS species=common_pandora gear=4 runs=15624
FLOAT_MATRIX_PROGRESS species=alligator_gar gear=2 runs=15792
FLOAT_MATRIX_PROGRESS species=alligator_gar gear=3 runs=15960
FLOAT_MATRIX_PROGRESS species=alligator_gar gear=4 runs=16128
FLOAT_MATRIX_PROGRESS species=longnose_gar gear=1 runs=16296
FLOAT_MATRIX_PROGRESS species=longnose_gar gear=3 runs=16464
FLOAT_MATRIX_PROGRESS species=longnose_gar gear=4 runs=16632
FLOAT_MATRIX_PROGRESS species=bowfin gear=1 runs=16800
FLOAT_MATRIX_PROGRESS species=bowfin gear=3 runs=16968
FLOAT_MATRIX_PROGRESS species=bowfin gear=4 runs=17136
FLOAT_MATRIX_PROGRESS species=largemouth_bass gear=1 runs=17304
FLOAT_MATRIX_PROGRESS species=largemouth_bass gear=3 runs=17472
FLOAT_MATRIX_PROGRESS species=largemouth_bass gear=4 runs=17640
FLOAT_MATRIX_PROGRESS species=channel_catfish gear=1 runs=17808
FLOAT_MATRIX_PROGRESS species=channel_catfish gear=3 runs=17976
FLOAT_MATRIX_PROGRESS species=channel_catfish gear=4 runs=18144
FLOAT_MATRIX_PROGRESS species=flathead_catfish gear=2 runs=18312
FLOAT_MATRIX_PROGRESS species=flathead_catfish gear=3 runs=18480
FLOAT_MATRIX_PROGRESS species=flathead_catfish gear=4 runs=18648
FLOAT_MATRIX_PROGRESS species=chinese_sturgeon gear=2 runs=18816
FLOAT_MATRIX_PROGRESS species=chinese_sturgeon gear=3 runs=18984
FLOAT_MATRIX_PROGRESS species=chinese_sturgeon gear=4 runs=19152
FLOAT_MATRIX_PROGRESS species=mandarin_fish gear=1 runs=19320
FLOAT_MATRIX_PROGRESS species=mandarin_fish gear=3 runs=19488
FLOAT_MATRIX_PROGRESS species=mandarin_fish gear=4 runs=19656
FLOAT_MATRIX_PROGRESS species=northern_snakehead gear=1 runs=19824
FLOAT_MATRIX_PROGRESS species=northern_snakehead gear=3 runs=19992
FLOAT_MATRIX_PROGRESS species=northern_snakehead gear=4 runs=20160
FLOAT_MATRIX_PROGRESS species=yellowcheek gear=1 runs=20328
FLOAT_MATRIX_PROGRESS species=yellowcheek gear=3 runs=20496
FLOAT_MATRIX_PROGRESS species=yellowcheek gear=4 runs=20664
FLOAT_MATRIX_PROGRESS species=southern_catfish gear=1 runs=20832
FLOAT_MATRIX_PROGRESS species=southern_catfish gear=3 runs=21000
FLOAT_MATRIX_PROGRESS species=southern_catfish gear=4 runs=21168
FLOAT_MATRIX_PROGRESS species=longsnout_catfish gear=1 runs=21336
FLOAT_MATRIX_PROGRESS species=longsnout_catfish gear=3 runs=21504
FLOAT_MATRIX_PROGRESS species=longsnout_catfish gear=4 runs=21672
FLOAT_ENCOUNTER_TESTS: 95/95 passed; failures=0; simulations=21672; passive_traces=1032
