COMMAND: godot --headless --audio-driver Dummy --path game --script res://tests/slice3d_tests.gd
Godot Engine v4.6.3.stable.official.7d41c59c4 - https://godotengine.org

LAYOUT_SCOPE: physical=(720, 1280) logical=(720.0, 1280.0) aspect=expand; representative desktop layout only, not phone hardware
3D_RIG angler meshes=8 skinned=1 weighted_vertices=40216 clips=["cast", "idle", "lift", "reel", "wait"]
3D_RIG common_carp meshes=9 skinned=9 weighted_vertices=15168 clips=["breach", "landed", "struggle", "swim"]
3D_RIG crucian_carp meshes=11 skinned=11 weighted_vertices=15390 clips=["breach", "landed", "struggle", "swim"]
3D_RIG roach meshes=12 skinned=12 weighted_vertices=14554 clips=["breach", "landed", "struggle", "swim"]
3D_RIG rudd meshes=12 skinned=12 weighted_vertices=14642 clips=["breach", "landed", "struggle", "swim"]
3D_RIG european_perch meshes=13 skinned=13 weighted_vertices=17617 clips=["breach", "landed", "struggle", "swim"]
3D_RIG northern_pike meshes=10 skinned=10 weighted_vertices=16894 clips=["breach", "landed", "struggle", "swim"]
3D_RIG common_bream meshes=11 skinned=11 weighted_vertices=15478 clips=["breach", "landed", "struggle", "swim"]
3D_RIG tench meshes=11 skinned=11 weighted_vertices=15770 clips=["breach", "landed", "struggle", "swim"]
3D_RIG japanese_horse_mackerel meshes=13 skinned=13 weighted_vertices=18116 clips=["breach", "landed", "struggle", "swim"]
3D_RIG chub_mackerel meshes=12 skinned=12 weighted_vertices=17562 clips=["breach", "landed", "struggle", "swim"]
3D_RIG red_seabream meshes=11 skinned=11 weighted_vertices=16800 clips=["breach", "landed", "struggle", "swim"]
3D_RIG black_seabream meshes=11 skinned=11 weighted_vertices=16888 clips=["breach", "landed", "struggle", "swim"]
3D_RIG japanese_seabass meshes=11 skinned=11 weighted_vertices=17709 clips=["breach", "landed", "struggle", "swim"]
3D_RIG japanese_whiting meshes=11 skinned=11 weighted_vertices=16461 clips=["breach", "landed", "struggle", "swim"]
3D_RIG marbled_rockfish meshes=11 skinned=11 weighted_vertices=18205 clips=["breach", "landed", "struggle", "swim"]
3D_RIG olive_flounder meshes=10 skinned=10 weighted_vertices=26980 clips=["breach", "landed", "struggle", "swim"]
3D_RIG atlantic_cod meshes=12 skinned=12 weighted_vertices=20131 clips=["breach", "landed", "struggle", "swim"]
3D_RIG pollack meshes=13 skinned=13 weighted_vertices=20338 clips=["breach", "landed", "struggle", "swim"]
3D_RIG saithe meshes=12 skinned=12 weighted_vertices=20203 clips=["breach", "landed", "struggle", "swim"]
3D_RIG haddock meshes=12 skinned=12 weighted_vertices=19989 clips=["breach", "landed", "struggle", "swim"]
3D_RIG atlantic_mackerel meshes=12 skinned=12 weighted_vertices=17650 clips=["breach", "landed", "struggle", "swim"]
3D_RIG atlantic_herring meshes=12 skinned=12 weighted_vertices=15652 clips=["breach", "landed", "struggle", "swim"]
3D_RIG european_plaice meshes=12 skinned=12 weighted_vertices=29887 clips=["breach", "landed", "struggle", "swim"]
3D_RIG atlantic_wolffish meshes=13 skinned=13 weighted_vertices=22960 clips=["breach", "landed", "struggle", "swim"]
3D_RIG european_seabass meshes=11 skinned=11 weighted_vertices=17237 clips=["breach", "landed", "struggle", "swim"]
3D_RIG gilthead_seabream meshes=11 skinned=11 weighted_vertices=17240 clips=["breach", "landed", "struggle", "swim"]
3D_RIG saddled_seabream meshes=11 skinned=11 weighted_vertices=17491 clips=["breach", "landed", "struggle", "swim"]
3D_RIG white_seabream meshes=12 skinned=12 weighted_vertices=16976 clips=["breach", "landed", "struggle", "swim"]
3D_RIG annular_seabream meshes=12 skinned=12 weighted_vertices=16726 clips=["breach", "landed", "struggle", "swim"]
3D_RIG red_mullet meshes=12 skinned=12 weighted_vertices=15892 clips=["breach", "landed", "struggle", "swim"]
3D_RIG painted_comber meshes=12 skinned=12 weighted_vertices=17221 clips=["breach", "landed", "struggle", "swim"]
3D_RIG common_pandora meshes=11 skinned=11 weighted_vertices=16976 clips=["breach", "landed", "struggle", "swim"]
3D_RIG alligator_gar meshes=9 skinned=9 weighted_vertices=16582 clips=["breach", "landed", "struggle", "swim"]
3D_RIG longnose_gar meshes=10 skinned=10 weighted_vertices=14976 clips=["breach", "landed", "struggle", "swim"]
3D_RIG bowfin meshes=11 skinned=11 weighted_vertices=17407 clips=["breach", "landed", "struggle", "swim"]
3D_RIG largemouth_bass meshes=11 skinned=11 weighted_vertices=17525 clips=["breach", "landed", "struggle", "swim"]
3D_RIG channel_catfish meshes=12 skinned=12 weighted_vertices=16958 clips=["breach", "landed", "struggle", "swim"]
3D_RIG flathead_catfish meshes=13 skinned=13 weighted_vertices=15868 clips=["breach", "landed", "struggle", "swim"]
3D_RIG chinese_sturgeon meshes=12 skinned=12 weighted_vertices=18204 clips=["breach", "landed", "struggle", "swim"]
3D_RIG mandarin_fish meshes=11 skinned=11 weighted_vertices=17913 clips=["breach", "landed", "struggle", "swim"]
3D_RIG northern_snakehead meshes=10 skinned=10 weighted_vertices=17667 clips=["breach", "landed", "struggle", "swim"]
3D_RIG yellowcheek meshes=11 skinned=11 weighted_vertices=15468 clips=["breach", "landed", "struggle", "swim"]
3D_RIG southern_catfish meshes=12 skinned=12 weighted_vertices=17912 clips=["breach", "landed", "struggle", "swim"]
3D_RIG longsnout_catfish meshes=12 skinned=12 weighted_vertices=15104 clips=["breach", "landed", "struggle", "swim"]
FULL44_RECIPE common_carp {"bait":"worm","charge":0.46,"gear":4,"region":"lake","seed":42,"species":"common_carp","spot":"lake_shore"}
FULL44_REAL_TAKE common_carp clock=15.1499999999998 attempt=3 session=1791046342.33777-9137307--9223371999710018085-4
FULL44_RECIPE crucian_carp {"bait":"worm","charge":0.46,"gear":4,"region":"lake","seed":38,"species":"crucian_carp","spot":"lake_shore"}
FULL44_REAL_TAKE crucian_carp clock=11.125 attempt=2 session=1791046343.45469-10254207--9223371999710018085-5
FULL44_RECIPE roach {"bait":"worm","charge":0.46,"gear":4,"region":"lake","seed":7,"species":"roach","spot":"lake_bay"}
FULL44_REAL_TAKE roach clock=8.92500000000013 attempt=1 session=1791046344.30256-11102063--9223371999710018085-6
FULL44_RECIPE rudd {"bait":"worm","charge":0.46,"gear":4,"region":"lake","seed":2,"species":"rudd","spot":"lake_shore"}
FULL44_REAL_TAKE rudd clock=8.82500000000014 attempt=1 session=1791046345.16794-11967423--9223371999710018085-7
FULL44_RECIPE european_perch {"bait":"worm","charge":0.51,"gear":4,"region":"lake","seed":11,"species":"european_perch","spot":"lake_shore"}
FULL44_REAL_TAKE european_perch clock=12.3749999999999 attempt=2 session=1791046346.01629-12815763--9223371999710018085-8
FULL44_RECIPE northern_pike {"bait":"worm","charge":0.635,"gear":4,"region":"bayou","seed":163,"species":"northern_pike","spot":"bayou_channel"}
FULL44_REAL_TAKE northern_pike clock=4.07499999999999 attempt=1 session=1791046347.11977-13919223--9223371999710018085-9
FULL44_RECIPE common_bream {"bait":"worm","charge":0.535,"gear":4,"region":"lake","seed":2,"species":"common_bream","spot":"lake_bay"}
FULL44_REAL_TAKE common_bream clock=10.525 attempt=1 session=1791046348.16782-14967251--9223371999710018085-10
FULL44_RECIPE tench {"bait":"worm","charge":0.485,"gear":4,"region":"lake","seed":12,"species":"tench","spot":"lake_shore"}
FULL44_REAL_TAKE tench clock=5.87500000000008 attempt=1 session=1791046349.07322-15872637--9223371999710018085-11
FULL44_RECIPE japanese_horse_mackerel {"bait":"worm","charge":0.51,"gear":4,"region":"japan","seed":42,"species":"japanese_horse_mackerel","spot":"japan_harbor"}
FULL44_REAL_TAKE japanese_horse_mackerel clock=9.20000000000012 attempt=2 session=1791046350.0815-16880895--9223371999710018085-12
FULL44_RECIPE chub_mackerel {"bait":"worm","charge":0.61,"gear":4,"region":"japan","seed":141,"species":"chub_mackerel","spot":"japan_reef"}
FULL44_REAL_TAKE chub_mackerel clock=12.8999999999999 attempt=3 session=1791046351.08032-17879702--9223371999710018085-13
FULL44_RECIPE red_seabream {"bait":"worm","charge":0.635,"gear":4,"region":"japan","seed":93,"species":"red_seabream","spot":"japan_reef"}
FULL44_REAL_TAKE red_seabream clock=4.07499999999999 attempt=1 session=1791046352.10219-18901554--9223371999710018085-14
FULL44_RECIPE black_seabream {"bait":"worm","charge":0.535,"gear":4,"region":"yangtze","seed":2,"species":"black_seabream","spot":"yangtze_estuary"}
FULL44_CONTACT_ONLY_RETRY black_seabream previous_session=1791046353.18166-19981006--9223371999710018085-15 retry=1
FULL44_RECIPE black_seabream {"bait":"worm","charge":0.535,"gear":4,"region":"yangtze","seed":2,"species":"black_seabream","spot":"yangtze_estuary"}
FULL44_REAL_TAKE black_seabream clock=3.07499999999999 attempt=1 session=1791046353.70356-20502898--9223371999710018085-16
FULL44_RECIPE japanese_seabass {"bait":"worm","charge":0.585,"gear":4,"region":"japan","seed":93,"species":"japanese_seabass","spot":"japan_harbor"}
FULL44_REAL_TAKE japanese_seabass clock=6.75000000000013 attempt=1 session=1791046354.81746-21616775--9223371999710018085-17
FULL44_RECIPE japanese_whiting {"bait":"worm","charge":0.46,"gear":4,"region":"japan","seed":2,"species":"japanese_whiting","spot":"japan_harbor"}
FULL44_REAL_TAKE japanese_whiting clock=9.82500000000008 attempt=1 session=1791046355.81072-22610017--9223371999710018085-18
FULL44_RECIPE marbled_rockfish {"bait":"worm","charge":0.51,"gear":4,"region":"japan","seed":2,"species":"marbled_rockfish","spot":"japan_reef"}
FULL44_REAL_TAKE marbled_rockfish clock=8.42500000000016 attempt=1 session=1791046356.80067-23599945--9223371999710018085-19
FULL44_RECIPE olive_flounder {"bait":"worm","charge":0.635,"gear":4,"region":"japan","seed":14,"species":"olive_flounder","spot":"japan_reef"}
FULL44_REAL_TAKE olive_flounder clock=4.57500000000002 attempt=1 session=1791046357.87137-24670625--9223371999710018085-20
FULL44_RECIPE atlantic_cod {"bait":"worm","charge":0.535,"gear":4,"region":"norway","seed":38,"species":"atlantic_cod","spot":"norway_harbor"}
FULL44_REAL_TAKE atlantic_cod clock=6.2750000000001 attempt=1 session=1791046359.15879-25958027--9223371999710018085-21
FULL44_RECIPE pollack {"bait":"worm","charge":0.51,"gear":4,"region":"norway","seed":38,"species":"pollack","spot":"norway_boat"}
FULL44_REAL_TAKE pollack clock=4.92500000000003 attempt=1 session=1791046360.36837-27167582--9223371999710018085-22
FULL44_RECIPE saithe {"bait":"worm","charge":0.535,"gear":4,"region":"norway","seed":7,"species":"saithe","spot":"norway_harbor"}
FULL44_REAL_TAKE saithe clock=12.05 attempt=2 session=1791046361.5488-28347997--9223371999710018085-23
FULL44_RECIPE haddock {"bait":"worm","charge":0.585,"gear":4,"region":"norway","seed":3,"species":"haddock","spot":"norway_boat"}
FULL44_REAL_TAKE haddock clock=13.2249999999999 attempt=2 session=1791046362.74801-29547178--9223371999710018085-24
FULL44_RECIPE atlantic_mackerel {"bait":"worm","charge":0.46,"gear":4,"region":"med","seed":101,"species":"atlantic_mackerel","spot":"med_boat"}
FULL44_REAL_TAKE atlantic_mackerel clock=3.87499999999999 attempt=1 session=1791046364.03344-30832591--9223371999710018085-25
FULL44_RECIPE atlantic_herring {"bait":"worm","charge":0.46,"gear":4,"region":"norway","seed":18,"species":"atlantic_herring","spot":"norway_boat"}
FULL44_REAL_TAKE atlantic_herring clock=4.40000000000001 attempt=1 session=1791046365.49145-32290575--9223371999710018085-26
FULL44_RECIPE european_plaice {"bait":"worm","charge":0.485,"gear":4,"region":"norway","seed":2,"species":"european_plaice","spot":"norway_harbor"}
FULL44_REAL_TAKE european_plaice clock=4.92500000000003 attempt=1 session=1791046366.66264-33461738--9223371999710018085-27
FULL44_RECIPE atlantic_wolffish {"bait":"worm","charge":0.725,"gear":2,"region":"norway","seed":14,"species":"atlantic_wolffish","spot":"norway_boat"}
FULL44_REAL_TAKE atlantic_wolffish clock=3.27499999999999 attempt=1 session=1791046367.8621-34661180--9223371999710018085-28
FULL44_RECIPE european_seabass {"bait":"worm","charge":0.535,"gear":4,"region":"med","seed":101,"species":"european_seabass","spot":"med_pier"}
FULL44_REAL_TAKE european_seabass clock=10.975 attempt=1 session=1791046369.11263-35911687--9223371999710018085-29
FULL44_RECIPE gilthead_seabream {"bait":"worm","charge":0.51,"gear":4,"region":"med","seed":38,"species":"gilthead_seabream","spot":"med_pier"}
FULL44_REAL_TAKE gilthead_seabream clock=5.50000000000006 attempt=1 session=1791046370.31276-37111791--9223371999710018085-30
FULL44_RECIPE saddled_seabream {"bait":"worm","charge":0.46,"gear":4,"region":"med","seed":95,"species":"saddled_seabream","spot":"med_pier"}
FULL44_REAL_TAKE saddled_seabream clock=4.87500000000003 attempt=1 session=1791046371.6092-38408212--9223371999710018085-31
FULL44_RECIPE white_seabream {"bait":"worm","charge":0.485,"gear":4,"region":"med","seed":3,"species":"white_seabream","spot":"med_pier"}
FULL44_REAL_TAKE white_seabream clock=3.79999999999999 attempt=1 session=1791046372.72462-39523608--9223371999710018085-32
FULL44_RECIPE annular_seabream {"bait":"worm","charge":0.46,"gear":4,"region":"med","seed":2,"species":"annular_seabream","spot":"med_pier"}
FULL44_REAL_TAKE annular_seabream clock=9.32500000000011 attempt=1 session=1791046373.9679-40766871--9223371999710018085-33
FULL44_RECIPE red_mullet {"bait":"worm","charge":0.51,"gear":4,"region":"med","seed":2,"species":"red_mullet","spot":"med_boat"}
FULL44_REAL_TAKE red_mullet clock=5.70000000000007 attempt=1 session=1791046375.32451-42123452--9223371999710018085-34
FULL44_RECIPE painted_comber {"bait":"worm","charge":0.485,"gear":4,"region":"med","seed":14,"species":"painted_comber","spot":"med_pier"}
FULL44_REAL_TAKE painted_comber clock=4.12499999999999 attempt=1 session=1791046376.48609-43285010--9223371999710018085-35
FULL44_RECIPE common_pandora {"bait":"worm","charge":0.56,"gear":4,"region":"med","seed":14,"species":"common_pandora","spot":"med_boat"}
FULL44_REAL_TAKE common_pandora clock=7.75000000000017 attempt=1 session=1791046377.81777-44616670--9223371999710018085-36
FULL44_RECIPE alligator_gar {"bait":"worm","charge":0.735,"gear":4,"region":"bayou","seed":101,"species":"alligator_gar","spot":"bayou_backwater"}
FULL44_REAL_TAKE alligator_gar clock=4.85000000000003 attempt=1 session=1791046379.32554-46124413--9223371999710018085-37
FULL44_RECIPE longnose_gar {"bait":"worm","charge":0.585,"gear":4,"region":"bayou","seed":76,"species":"longnose_gar","spot":"bayou_backwater"}
FULL44_REAL_TAKE longnose_gar clock=15.1749999999998 attempt=3 session=1791046380.94748-47746328--9223371999710018085-38
FULL44_RECIPE bowfin {"bait":"worm","charge":0.51,"gear":4,"region":"bayou","seed":38,"species":"bowfin","spot":"bayou_backwater"}
FULL44_REAL_TAKE bowfin clock=13.2749999999999 attempt=2 session=1791046382.33311-49131929--9223371999710018085-39
FULL44_RECIPE largemouth_bass {"bait":"worm","charge":0.485,"gear":4,"region":"bayou","seed":3,"species":"largemouth_bass","spot":"bayou_backwater"}
FULL44_REAL_TAKE largemouth_bass clock=8.77500000000014 attempt=1 session=1791046383.64495-50443746--9223371999710018085-40
FULL44_RECIPE channel_catfish {"bait":"worm","charge":0.51,"gear":4,"region":"bayou","seed":2,"species":"channel_catfish","spot":"bayou_backwater"}
FULL44_REAL_TAKE channel_catfish clock=6.85000000000013 attempt=1 session=1791046384.95015-51748918--9223371999710018085-41
FULL44_RECIPE flathead_catfish {"bait":"worm","charge":0.635,"gear":4,"region":"bayou","seed":14,"species":"flathead_catfish","spot":"bayou_backwater"}
FULL44_REAL_TAKE flathead_catfish clock=7.40000000000016 attempt=1 session=1791046386.29852-53097267--9223371999710018085-42
FULL44_RECIPE chinese_sturgeon {"bait":"worm","charge":0.56,"gear":4,"region":"yangtze","seed":11,"species":"chinese_sturgeon","spot":"yangtze_estuary"}
FULL44_REAL_TAKE chinese_sturgeon clock=5.52500000000006 attempt=1 session=1791046387.81079-54609505--9223371999710018085-43
FULL44_RECIPE mandarin_fish {"bait":"worm","charge":0.5,"gear":4,"region":"yangtze","seed":93,"species":"mandarin_fish","spot":"yangtze_river"}
FULL44_REAL_TAKE mandarin_fish clock=11.3 attempt=1 session=1791046389.52816-56326852--9223371999710018085-44
FULL44_RECIPE northern_snakehead {"bait":"worm","charge":0.52,"gear":4,"region":"yangtze","seed":7,"species":"northern_snakehead","spot":"yangtze_river"}
FULL44_REAL_TAKE northern_snakehead clock=5.97500000000009 attempt=1 session=1791046390.94603-57744689--9223371999710018085-45
FULL44_RECIPE yellowcheek {"bait":"worm","charge":0.6,"gear":4,"region":"yangtze","seed":282,"species":"yellowcheek","spot":"yangtze_river"}
FULL44_REAL_TAKE yellowcheek clock=4.97500000000004 attempt=1 session=1791046392.33143-59130063--9223371999710018085-46
FULL44_RECIPE southern_catfish {"bait":"worm","charge":0.57,"gear":4,"region":"yangtze","seed":3,"species":"southern_catfish","spot":"yangtze_river"}
FULL44_REAL_TAKE southern_catfish clock=13.2749999999999 attempt=1 session=1791046393.74402-60542631--9223371999710018085-47
FULL44_RECIPE longsnout_catfish {"bait":"worm","charge":0.51,"gear":4,"region":"yangtze","seed":2,"species":"longsnout_catfish","spot":"yangtze_river"}
FULL44_REAL_TAKE longsnout_catfish clock=7.72500000000017 attempt=1 session=1791046395.21141-62009996--9223371999710018085-48
FULL44_RECIPE alligator_gar {"bait":"worm","charge":0.735,"gear":4,"region":"bayou","seed":101,"species":"alligator_gar","spot":"bayou_backwater"}
FULL44_REAL_TAKE alligator_gar clock=4.02499999999999 attempt=1 session=1791046396.97849-63777042--9223371999710018085-49
SLICE3D_TESTS: 4515/4515 passed; failures=0; cast events=49; landing events=45; species=44; spots=12
