DESKTOP_SOFTWARE_RENDER: private X display; Mesa lavapipe Vulkan; not Android hardware
WorkerThreadPool: 9 threads, 2 max low-priority.
Godot Engine v4.6.3.stable.official.7d41c59c4 - https://godotengine.org
TextServer: Added interface "Dummy"
TextServer: Added interface "ICU / HarfBuzz / Graphite (Built-in)"
Unrecognized output string "misc2" in mapping:
030000008a2e0000dd10000011010000,Hand Held Legend GC Ultimate,a:b0,b:b2,back:b17,dpdown:b5,dpleft:b6,dpright:b7,dpup:b4,guide:b18,leftshoulder:b10,leftstick:b8,lefttrigger:a3,leftx:a0,lefty:a1,misc1:b19,misc2:b24,paddle1:b13,paddle2:b12,rightshoulder:b11,rightstick:b9,righttrigger:a4,rightx:a2,righty:a5,start:b16,x:b1,y:b3,platform:Linux,
Unrecognized output string "misc2" in mapping:
030000000d0f0000ab01000011010000,Horipad Steam,a:b0,b:b1,back:b10,dpdown:h0.4,dpleft:h0.8,dpright:h0.2,dpup:h0.1,guide:b12,leftshoulder:b6,leftstick:b13,lefttrigger:a5,leftx:a0,lefty:a1,misc2:b2,paddle1:b19,paddle2:b18,paddle3:b15,paddle4:b5,rightshoulder:b7,rightstick:b14,righttrigger:a4,rightx:a2,righty:a3,start:b11,x:b3,y:b4,platform:Linux,
Unrecognized output string "misc2" in mapping:
050000000d0f00009601000091000000,Horipad Steam,a:b0,b:b1,back:b10,dpdown:h0.4,dpleft:h0.8,dpright:h0.2,dpup:h0.1,guide:b12,leftshoulder:b6,leftstick:b13,lefttrigger:a5,leftx:a0,lefty:a1,misc2:b2,paddle1:b19,paddle2:b18,paddle3:b15,paddle4:b5,rightshoulder:b7,rightstick:b14,righttrigger:a4,rightx:a2,righty:a3,start:b11,x:b3,y:b4,platform:Linux,
Unrecognized output string "misc2" in mapping:
030000007e0500006920000011010000,Nintendo Switch 2 Pro Controller,a:b0,b:b1,back:b14,dpdown:b8,dpleft:b10,dpright:b9,dpup:b11,guide:b16,leftshoulder:b12,leftstick:b15,lefttrigger:b13,leftx:a0,lefty:a1~,misc1:b17,misc2:b20,paddle1:b18,paddle2:b19,rightshoulder:b4,rightstick:b7,righttrigger:b5,rightx:a2,righty:a3~,start:b6,x:b2,y:b3,platform:Linux,
SDL: Init OK!
Xshape 1.1 detected.
Xinerama 1.1 detected.
Xrandr 1.6 detected.
Xrender 0.11 detected.
Xinput 2.2 detected.
XInput: Refreshing devices.
XInput: No touch devices found.
Accessibility: window 0 adapter created.
Devices:
  #0: Unknown llvmpipe (LLVM 19.1.7, 256 bits) - Supported, CPU
Optional extension VK_KHR_fragment_shading_rate not found
Optional extension VK_EXT_fragment_density_map not found
Optional extension VK_QCOM_fragment_density_map_offset not found
Optional extension VK_EXT_astc_decode_mode not found
Optional extension VK_EXT_texture_compression_astc_hdr not found
Optional extension VK_EXT_device_fault not found
Optional extension VK_EXT_debug_marker not found
- Vulkan Variable Rate Shading not supported
- Vulkan Fragment Density Map not supported
- Vulkan multiview supported:
  max view count: 6
  max instances: 2147483647
- Vulkan subgroup:
  size: 8
  min size: 8
  max size: 8
  stages: STAGE_FRAGMENT, STAGE_COMPUTE, STAGE_TASK_NV, STAGE_MESH_NV
  supported ops: FEATURE_BASIC, FEATURE_VOTE, FEATURE_ARITHMETIC, FEATURE_BALLOT, FEATURE_SHUFFLE, FEATURE_SHUFFLE_RELATIVE, FEATURE_CLUSTERED, FEATURE_QUAD
Vulkan 1.4.305 - Forward Mobile - Using Device #0: Unknown - llvmpipe (LLVM 19.1.7, 256 bits)
Startup PSO cache (0.0 MiB)
XcursorGetTheme could not get cursor theme
Failed loading custom cursor: crossed_circle
DBus 1.16.2 detected.
Using "default" pen tablet driver...
Creating VMA small objects pool for memory type index 0
Shader 'CanvasSdfShaderRD' (group 0) SHA256: f5163131ffbf6578b3e403ae4a2e93b16c3b4d4f74b7d313965240c9159ca4a3
Shader cache miss for CanvasSdfShaderRD/f5163131ffbf6578b3e403ae4a2e93b16c3b4d4f74b7d313965240c9159ca4a3/087916079fba7c625e62b0c2cca570e0fb87c99a
Shader 'SkeletonShaderRD' (group 0) SHA256: 54e50a68f8252031f493dd1ea6200e9ef718d5bd8693e28030efe1b120eb7905
Shader cache miss for SkeletonShaderRD/54e50a68f8252031f493dd1ea6200e9ef718d5bd8693e28030efe1b120eb7905/087916079fba7c625e62b0c2cca570e0fb87c99a
Shader 'SortShaderRD' (group 0) SHA256: 967234006fae085a9579b3ffd489cee602c4f145dc18ff2bf240e4d8c13498cd
Shader cache miss for SortShaderRD/967234006fae085a9579b3ffd489cee602c4f145dc18ff2bf240e4d8c13498cd/087916079fba7c625e62b0c2cca570e0fb87c99a
Shader 'ParticlesShaderRD' (group 0) SHA256: 527b8e067ac0ad8d5ca4af3230efbc7edb63fc49fd10c48dd765f7d4134c2606
Shader cache miss for ParticlesShaderRD/527b8e067ac0ad8d5ca4af3230efbc7edb63fc49fd10c48dd765f7d4134c2606/f128cab0b22fb7e0d9f023d6cdb81309be392d95
Shader 'ParticlesCopyShaderRD' (group 0) SHA256: bcec80ba01e935ed0dc85d792ce6064d3b9920ff6f4ad7f021c39739c998092c
Shader cache miss for ParticlesCopyShaderRD/bcec80ba01e935ed0dc85d792ce6064d3b9920ff6f4ad7f021c39739c998092c/087916079fba7c625e62b0c2cca570e0fb87c99a
Shader 'CanvasShaderRD' (group 0) SHA256: f30a5b440b1341c6eaa19af108108f7adb605232e31fd6aeac74e4825e07ec28
Shader cache miss for CanvasShaderRD/f30a5b440b1341c6eaa19af108108f7adb605232e31fd6aeac74e4825e07ec28/087916079fba7c625e62b0c2cca570e0fb87c99a
Shader 'CanvasOcclusionShaderRD' (group 0) SHA256: e397c50e1a9e03519ccb486acfdaddf8be9986511a5738dd0fa77e62980f0ad0
Shader cache miss for CanvasOcclusionShaderRD/e397c50e1a9e03519ccb486acfdaddf8be9986511a5738dd0fa77e62980f0ad0/087916079fba7c625e62b0c2cca570e0fb87c99a
Shader cache miss for CanvasShaderRD/f30a5b440b1341c6eaa19af108108f7adb605232e31fd6aeac74e4825e07ec28/8a7277c8d3ac029b087c3fa9c55de85560be5119
Shader cache miss for CanvasShaderRD/f30a5b440b1341c6eaa19af108108f7adb605232e31fd6aeac74e4825e07ec28/45fb1ddc6499e56682916a355ce2839e61f42dfe
Shader 'SceneForwardMobileShaderRD' (group 0) SHA256: be371d61f407c819b28d5874dae04e9c42971c9d7e6e026fba30c48b9ec10a23
Shader 'SceneForwardMobileShaderRD' (group 1) SHA256: 888634f57301d05259cc109285d07794d6cf1f3aa5805f3cf0ed9cc258dd1898
Shader 'SceneForwardMobileShaderRD' (group 2) SHA256: 7c12ded287ade2dc4911d570d9d9db7efca1a7d17570dfb60e57110d573dee4f
Shader 'SceneForwardMobileShaderRD' (group 3) SHA256: 3ac293de0b2bbfce1f178a0e3d67a21aac4ea6258d1fd5c42f0d5002664e8ea1
Shader cache miss for SceneForwardMobileShaderRD/7c12ded287ade2dc4911d570d9d9db7efca1a7d17570dfb60e57110d573dee4f/a38af1e47720abf30ca44f3d3c099c07b046df81
Shader cache miss for SceneForwardMobileShaderRD/7c12ded287ade2dc4911d570d9d9db7efca1a7d17570dfb60e57110d573dee4f/ab0b960474f1491b42ef9f2ca13dbd4ccaf64911
Shader cache miss for SceneForwardMobileShaderRD/7c12ded287ade2dc4911d570d9d9db7efca1a7d17570dfb60e57110d573dee4f/111f8cfd3c260d918df85827eb251dc36a43cb13
Shader 'SkyShaderRD' (group 0) SHA256: 21f924306eb18caac3ace30e495c78ba40ae7b2f490d5e4f3b13a79479216b9c
Shader cache miss for SkyShaderRD/21f924306eb18caac3ace30e495c78ba40ae7b2f490d5e4f3b13a79479216b9c/de678811d1bad3cad4892a8db7b6ea0be197d51d
Shader cache miss for SkyShaderRD/21f924306eb18caac3ace30e495c78ba40ae7b2f490d5e4f3b13a79479216b9c/03e3b11c69e24394b2d955a8c0ba85587bb70839
Shader 'BokehDofRasterShaderRD' (group 0) SHA256: fb063312bd3fa2b278a25d3696f9ded1df8b636f5afecd967151358d257b2b03
Shader cache miss for BokehDofRasterShaderRD/fb063312bd3fa2b278a25d3696f9ded1df8b636f5afecd967151358d257b2b03/087916079fba7c625e62b0c2cca570e0fb87c99a
Shader 'BlurRasterShaderRD' (group 0) SHA256: c5a05590290b9ec5f20bb67bef5879fa61aab890fdd419af2038ad50b791f21e
Shader cache miss for BlurRasterShaderRD/c5a05590290b9ec5f20bb67bef5879fa61aab890fdd419af2038ad50b791f21e/087916079fba7c625e62b0c2cca570e0fb87c99a
Shader 'CopyShaderRD' (group 0) SHA256: bef3ebc581956c1e4cad1b19a4c57b168d4fd3a373a0481f33e26003ca1fa6c6
Shader cache miss for CopyShaderRD/bef3ebc581956c1e4cad1b19a4c57b168d4fd3a373a0481f33e26003ca1fa6c6/087916079fba7c625e62b0c2cca570e0fb87c99a
Shader 'CopyToFbShaderRD' (group 0) SHA256: d2ff28d6e27943750d2e72da5da60d486f9b37ab66241467d62296b893eb4cd0
Shader cache miss for CopyToFbShaderRD/d2ff28d6e27943750d2e72da5da60d486f9b37ab66241467d62296b893eb4cd0/087916079fba7c625e62b0c2cca570e0fb87c99a
Shader 'CubeToDpShaderRD' (group 0) SHA256: a1c0c9b7619044d7ba83959f645735ee8e1d34ad23904a6ac0af8e55d7ba00db
Shader cache miss for CubeToDpShaderRD/a1c0c9b7619044d7ba83959f645735ee8e1d34ad23904a6ac0af8e55d7ba00db/087916079fba7c625e62b0c2cca570e0fb87c99a
Shader 'CubeToOctmapShaderRD' (group 0) SHA256: c8b61d04732bfd2b54191babf0cd12bfae13c795c34c47b484abdf9f06f00205
Shader cache miss for CubeToOctmapShaderRD/c8b61d04732bfd2b54191babf0cd12bfae13c795c34c47b484abdf9f06f00205/087916079fba7c625e62b0c2cca570e0fb87c99a
Shader 'OctmapDownsamplerShaderRD' (group 0) SHA256: ffe6788f20aa023afaf7e888e2cf33c840f3084c8fbb309ed784918a44ebcf23
Shader cache miss for OctmapDownsamplerShaderRD/ffe6788f20aa023afaf7e888e2cf33c840f3084c8fbb309ed784918a44ebcf23/087916079fba7c625e62b0c2cca570e0fb87c99a
Shader 'OctmapFilterShaderRD' (group 0) SHA256: 5fc5fea9e3fe54191ff165540faa285b099e7909be69e7349c971f7ab0a609cc
Shader cache miss for OctmapFilterShaderRD/5fc5fea9e3fe54191ff165540faa285b099e7909be69e7349c971f7ab0a609cc/087916079fba7c625e62b0c2cca570e0fb87c99a
Shader 'OctmapRoughnessShaderRD' (group 0) SHA256: 15e894f5c1a4917d83d34012ecf1ede2bee251fefc7b887b728834d4d817ad55
Shader cache miss for OctmapRoughnessShaderRD/15e894f5c1a4917d83d34012ecf1ede2bee251fefc7b887b728834d4d817ad55/087916079fba7c625e62b0c2cca570e0fb87c99a
Shader 'SpecularMergeShaderRD' (group 0) SHA256: d91816cf1f28c63908a9133ffc50683b675ef9859b0616c7436f475405b22c27
Shader cache miss for SpecularMergeShaderRD/d91816cf1f28c63908a9133ffc50683b675ef9859b0616c7436f475405b22c27/087916079fba7c625e62b0c2cca570e0fb87c99a
Shader 'ShadowFrustumShaderRD' (group 0) SHA256: b56bc1e62633ec9304336b7e957397468d55950f317fcf5a6473439810432caa
Shader cache miss for ShadowFrustumShaderRD/b56bc1e62633ec9304336b7e957397468d55950f317fcf5a6473439810432caa/087916079fba7c625e62b0c2cca570e0fb87c99a
Shader 'MotionVectorsShaderRD' (group 0) SHA256: 00e39c95d2d9272edadd9be2db6dbe65b3460f21d2341c92a77371c843cf4d00
Shader cache miss for MotionVectorsShaderRD/00e39c95d2d9272edadd9be2db6dbe65b3460f21d2341c92a77371c843cf4d00/087916079fba7c625e62b0c2cca570e0fb87c99a
Shader 'LuminanceReduceRasterShaderRD' (group 0) SHA256: 29079e9bb1a1a83216f9116b1c2254cefe0b3db9fe88452f72558ec29f4ba60c
Shader cache miss for LuminanceReduceRasterShaderRD/29079e9bb1a1a83216f9116b1c2254cefe0b3db9fe88452f72558ec29f4ba60c/087916079fba7c625e62b0c2cca570e0fb87c99a
Shader 'SmaaEdgeDetectionShaderRD' (group 0) SHA256: d5021a9d8471f798a9fea1996ea85751035ea859c7fdd21721cc24e149d1e4fe
Shader cache miss for SmaaEdgeDetectionShaderRD/d5021a9d8471f798a9fea1996ea85751035ea859c7fdd21721cc24e149d1e4fe/087916079fba7c625e62b0c2cca570e0fb87c99a
Shader 'SmaaWeightCalculationShaderRD' (group 0) SHA256: 96902d6fbf74206adb55a50fd070fc6de4aaf8dc634f04f92751ac8b307948c7
Shader cache miss for SmaaWeightCalculationShaderRD/96902d6fbf74206adb55a50fd070fc6de4aaf8dc634f04f92751ac8b307948c7/087916079fba7c625e62b0c2cca570e0fb87c99a
Shader 'SmaaBlendingShaderRD' (group 0) SHA256: 3d0a167a9f66fe724550ee422e5f78e94ee25cd28f8d2dd9770c61d98fee5f61
Shader cache miss for SmaaBlendingShaderRD/3d0a167a9f66fe724550ee422e5f78e94ee25cd28f8d2dd9770c61d98fee5f61/087916079fba7c625e62b0c2cca570e0fb87c99a
Shader 'TonemapMobileShaderRD' (group 0) SHA256: 4a5f7c9d25fe7b79dd894efaaf7c56f1ae3a0298ab820586c5bad5bf7afeb298
Shader cache miss for TonemapMobileShaderRD/4a5f7c9d25fe7b79dd894efaaf7c56f1ae3a0298ab820586c5bad5bf7afeb298/087916079fba7c625e62b0c2cca570e0fb87c99a
Shader 'ResolveRasterShaderRD' (group 0) SHA256: 90a6eb69c9e6cae61ec2c9510faf4a924b4127234c1f3817d7280a4d8a6d0214
Shader cache miss for ResolveRasterShaderRD/90a6eb69c9e6cae61ec2c9510faf4a924b4127234c1f3817d7280a4d8a6d0214/087916079fba7c625e62b0c2cca570e0fb87c99a
Shader 'BlitShaderRD' (group 0) SHA256: cff12a2b56a5c7d70f6de186c786c80ec84b1844045fdaf13152862c6a82baf6
Shader cache miss for BlitShaderRD/cff12a2b56a5c7d70f6de186c786c80ec84b1844045fdaf13152862c6a82baf6/087916079fba7c625e62b0c2cca570e0fb87c99a

TextServer: Primary interface set to: "ICU / HarfBuzz / Graphite (Built-in)".
Shader cache miss for CanvasShaderRD/f30a5b440b1341c6eaa19af108108f7adb605232e31fd6aeac74e4825e07ec28/4d35b4f1b981d75cb121b24f26aba4271d0d7a2f
Loading resource: res://default_bus_layout.tres
CORE API HASH: 2475187701
EDITOR API HASH: 3867286884
Loading resource: res://tests/fish_art_ui_tests.gd
Loading resource: res://scenes/main.tscn
Loading resource: res://scripts/main.gd
Loading resource: res://assets/shaders3d/river_water.gdshader
Loading resource: res://assets/shaders3d/foliage.gdshader
Loading resource: res://assets/shaders3d/ripple.gdshader
Loading resource: res://assets/shaders3d/shore_reeds.gdshader
Loading resource: res://assets/shaders3d/rock_surface.gdshader
Loading resource: res://assets/shaders3d/hdr_sky.gdshader
Loading resource: res://assets/shaders3d/weathered_wood.gdshader
Loading resource: res://assets/shaders3d/riverbank.gdshader
Loading resource: res://assets/fish_silhouette.gdshader
SceneTreeFTI: traversal method DEFAULT
Loaded system CA certificates
Loading resource: res://assets/fish/alligator_gar.png
Loading resource: res://.godot/imported/alligator_gar.png-cd68bdc9a0a67639df8702c1c10b2cfa.ctex
Loading resource: res://assets/fish/alligator_gar_thumb.png
Loading resource: res://.godot/imported/alligator_gar_thumb.png-ed2030470c6a080ad78cb79d6cb531b3.ctex
Loading resource: res://assets/fish/annular_seabream.png
Loading resource: res://.godot/imported/annular_seabream.png-6cb760d0938b450609bd12acc49aceb0.ctex
Loading resource: res://assets/fish/annular_seabream_thumb.png
Loading resource: res://.godot/imported/annular_seabream_thumb.png-c94e0000e5ddccd8727fc7814431fb45.ctex
Loading resource: res://assets/fish/atlantic_cod.png
Loading resource: res://.godot/imported/atlantic_cod.png-57b5655bcda44f1dbffd31a35c9bcc34.ctex
Loading resource: res://assets/fish/atlantic_cod_thumb.png
Loading resource: res://.godot/imported/atlantic_cod_thumb.png-d2fe6022200a91cf1cadb2bb3b130305.ctex
Loading resource: res://assets/fish/atlantic_herring.png
Loading resource: res://.godot/imported/atlantic_herring.png-c5a056c236042dc2a2e736889484aac0.ctex
Loading resource: res://assets/fish/atlantic_herring_thumb.png
Loading resource: res://.godot/imported/atlantic_herring_thumb.png-4282928580593437fe6c92267f1cd5e8.ctex
Loading resource: res://assets/fish/atlantic_mackerel.png
Loading resource: res://.godot/imported/atlantic_mackerel.png-c56964af8c4e8e0a5396615b7e41120a.ctex
Loading resource: res://assets/fish/atlantic_mackerel_thumb.png
Loading resource: res://.godot/imported/atlantic_mackerel_thumb.png-1417bdc66ef60bab73214de22268ea87.ctex
Loading resource: res://assets/fish/atlantic_wolffish.png
Loading resource: res://.godot/imported/atlantic_wolffish.png-09d3a06bfc4ba9e5cfa93feefb5d8d43.ctex
Loading resource: res://assets/fish/atlantic_wolffish_thumb.png
Loading resource: res://.godot/imported/atlantic_wolffish_thumb.png-0f5fbc1ed49ac007968460319b0a4e4f.ctex
Loading resource: res://assets/fish/black_seabream.png
Loading resource: res://.godot/imported/black_seabream.png-41cb78f8a4c45dc4ead1c0a3923e59d5.ctex
Loading resource: res://assets/fish/black_seabream_thumb.png
Loading resource: res://.godot/imported/black_seabream_thumb.png-cb2790fae1eba9749f522d99065a5968.ctex
Loading resource: res://assets/fish/bowfin.png
Loading resource: res://.godot/imported/bowfin.png-bb3156894b627484164a15c4aa040c31.ctex
Loading resource: res://assets/fish/bowfin_thumb.png
Loading resource: res://.godot/imported/bowfin_thumb.png-f37eb1005e5fd56a84527721dbdda5e6.ctex
Loading resource: res://assets/fish/channel_catfish.png
Loading resource: res://.godot/imported/channel_catfish.png-66eba98102057324fdbfdd82765b84ba.ctex
Loading resource: res://assets/fish/channel_catfish_thumb.png
Loading resource: res://.godot/imported/channel_catfish_thumb.png-7c5cdd66701d32307e2504744763aaa5.ctex
Loading resource: res://assets/fish/chinese_sturgeon.png
Loading resource: res://.godot/imported/chinese_sturgeon.png-236579f30ed12c72c3de2107baf90b9a.ctex
Loading resource: res://assets/fish/chinese_sturgeon_thumb.png
Loading resource: res://.godot/imported/chinese_sturgeon_thumb.png-7627ee85f0e6b8e59b7b32e543939118.ctex
Loading resource: res://assets/fish/chub_mackerel.png
Loading resource: res://.godot/imported/chub_mackerel.png-49c7c8c8bac9b2b8db3a409f122eebed.ctex
Loading resource: res://assets/fish/chub_mackerel_thumb.png
Loading resource: res://.godot/imported/chub_mackerel_thumb.png-0df4b6ee1f19f3716a28b29cfd69c1ed.ctex
Loading resource: res://assets/fish/common_bream.png
Loading resource: res://.godot/imported/common_bream.png-ba7b3cb927432609d837cb5776e0fede.ctex
Loading resource: res://assets/fish/common_bream_thumb.png
Loading resource: res://.godot/imported/common_bream_thumb.png-5af5a1e2dea3a47bcce2db48e26ef62d.ctex
Loading resource: res://assets/fish/common_carp.png
Loading resource: res://.godot/imported/common_carp.png-a0e2723410a2d00785f3b6d143aa8c75.ctex
Loading resource: res://assets/fish/common_carp_thumb.png
Loading resource: res://.godot/imported/common_carp_thumb.png-409e7b2471787dc5234aa1523edbd159.ctex
Loading resource: res://assets/fish/common_pandora.png
Loading resource: res://.godot/imported/common_pandora.png-1bed27e02eab47845f8463a1619723be.ctex
Loading resource: res://assets/fish/common_pandora_thumb.png
Loading resource: res://.godot/imported/common_pandora_thumb.png-90559b1ba3b09113e9dc6ac47fd2ca44.ctex
Loading resource: res://assets/fish/crucian_carp.png
Loading resource: res://.godot/imported/crucian_carp.png-d42fdc7d0482b392f0b703198deb373b.ctex
Loading resource: res://assets/fish/crucian_carp_thumb.png
Loading resource: res://.godot/imported/crucian_carp_thumb.png-29f64bb4d1f45818bfa59f2e87392a10.ctex
Loading resource: res://assets/fish/european_perch.png
Loading resource: res://.godot/imported/european_perch.png-a0088a57099180e72217c6335e3c5836.ctex
Loading resource: res://assets/fish/european_perch_thumb.png
Loading resource: res://.godot/imported/european_perch_thumb.png-9eca30cc8763c03b43caada01449a915.ctex
Loading resource: res://assets/fish/european_plaice.png
Loading resource: res://.godot/imported/european_plaice.png-c780f6012b953f099f32a6ee8fc55a41.ctex
Loading resource: res://assets/fish/european_plaice_thumb.png
Loading resource: res://.godot/imported/european_plaice_thumb.png-8675d43f3945efef029778732a92ad00.ctex
Loading resource: res://assets/fish/european_seabass.png
Loading resource: res://.godot/imported/european_seabass.png-bee7f98e77c7efd57183ad9ac9ec6a50.ctex
Loading resource: res://assets/fish/european_seabass_thumb.png
Loading resource: res://.godot/imported/european_seabass_thumb.png-7c1744c0334ce8548a989016ecb4651a.ctex
Loading resource: res://assets/fish/flathead_catfish.png
Loading resource: res://.godot/imported/flathead_catfish.png-2bf5d12f51b47c546eaad9cb473a151a.ctex
Loading resource: res://assets/fish/flathead_catfish_thumb.png
Loading resource: res://.godot/imported/flathead_catfish_thumb.png-96661161a9219e0af308ee61a569273d.ctex
Loading resource: res://assets/fish/gilthead_seabream.png
Loading resource: res://.godot/imported/gilthead_seabream.png-e21b63e4fa928469ffefb7fa13812f2f.ctex
Loading resource: res://assets/fish/gilthead_seabream_thumb.png
Loading resource: res://.godot/imported/gilthead_seabream_thumb.png-e72672d67aa77ff5bad57d5929a39fe3.ctex
Loading resource: res://assets/fish/haddock.png
Loading resource: res://.godot/imported/haddock.png-ab3e597b998d50ba22361001e7994907.ctex
Loading resource: res://assets/fish/haddock_thumb.png
Loading resource: res://.godot/imported/haddock_thumb.png-373c9f25e8ff8da3b5907930cd4f9d9b.ctex
Loading resource: res://assets/fish/japanese_horse_mackerel.png
Loading resource: res://.godot/imported/japanese_horse_mackerel.png-269d4090ac3cef8efb968708f325c57f.ctex
Loading resource: res://assets/fish/japanese_horse_mackerel_thumb.png
Loading resource: res://.godot/imported/japanese_horse_mackerel_thumb.png-de1967ed576ce89eabbd0bbd579c8651.ctex
Loading resource: res://assets/fish/japanese_seabass.png
Loading resource: res://.godot/imported/japanese_seabass.png-b36b3e74f6f3afbba4a3ba1622470245.ctex
Loading resource: res://assets/fish/japanese_seabass_thumb.png
Loading resource: res://.godot/imported/japanese_seabass_thumb.png-3cdfdc9ab5b36bee8ee3b88f75b6ebc7.ctex
Loading resource: res://assets/fish/japanese_whiting.png
Loading resource: res://.godot/imported/japanese_whiting.png-2935047656071bfe9db4c2fe0c8508f2.ctex
Loading resource: res://assets/fish/japanese_whiting_thumb.png
Loading resource: res://.godot/imported/japanese_whiting_thumb.png-f6464f360fd32f77e32b774b90162004.ctex
Loading resource: res://assets/fish/largemouth_bass.png
Loading resource: res://.godot/imported/largemouth_bass.png-3a9b7c893931e91c7a4925ea99766465.ctex
Loading resource: res://assets/fish/largemouth_bass_thumb.png
Loading resource: res://.godot/imported/largemouth_bass_thumb.png-a186c7707467c54292f6e5982a1435f8.ctex
Loading resource: res://assets/fish/longnose_gar.png
Loading resource: res://.godot/imported/longnose_gar.png-ce65ba043ea86b3f300af7d3f64882d3.ctex
Loading resource: res://assets/fish/longnose_gar_thumb.png
Loading resource: res://.godot/imported/longnose_gar_thumb.png-1922099e9871a585b0f6bceba251dd32.ctex
Loading resource: res://assets/fish/longsnout_catfish.png
Loading resource: res://.godot/imported/longsnout_catfish.png-3cf3b6b6aa9bd9a291b63a4c504315d4.ctex
Loading resource: res://assets/fish/longsnout_catfish_thumb.png
Loading resource: res://.godot/imported/longsnout_catfish_thumb.png-509ac3f49e21d5760a6e9d20d0c1da04.ctex
Loading resource: res://assets/fish/mandarin_fish.png
Loading resource: res://.godot/imported/mandarin_fish.png-1542025771aea11e7cd19b4b900e6c78.ctex
Loading resource: res://assets/fish/mandarin_fish_thumb.png
Loading resource: res://.godot/imported/mandarin_fish_thumb.png-6167985ac6bad49cc87edb122fbb6ff3.ctex
Loading resource: res://assets/fish/marbled_rockfish.png
Loading resource: res://.godot/imported/marbled_rockfish.png-74cb3693a55df6a9fee03ab8ac6dbd0e.ctex
Loading resource: res://assets/fish/marbled_rockfish_thumb.png
Loading resource: res://.godot/imported/marbled_rockfish_thumb.png-57585b2f28aa40a600770e3d2ee92c89.ctex
Loading resource: res://assets/fish/northern_pike.png
Loading resource: res://.godot/imported/northern_pike.png-fa280c334f674586b9bc8f25ec789830.ctex
Loading resource: res://assets/fish/northern_pike_thumb.png
Loading resource: res://.godot/imported/northern_pike_thumb.png-e8c329ed2148422538809c16f26ce5af.ctex
Loading resource: res://assets/fish/northern_snakehead.png
Loading resource: res://.godot/imported/northern_snakehead.png-82879ba0c32b80d682a4b2264992eb3c.ctex
Loading resource: res://assets/fish/northern_snakehead_thumb.png
Loading resource: res://.godot/imported/northern_snakehead_thumb.png-55c514d61089458838181e2cbb1463db.ctex
Loading resource: res://assets/fish/olive_flounder.png
Loading resource: res://.godot/imported/olive_flounder.png-475c845c36f97ae1e1bfc10a6cbe474a.ctex
Loading resource: res://assets/fish/olive_flounder_thumb.png
Loading resource: res://.godot/imported/olive_flounder_thumb.png-6a5daa44cd2d689f5f7bd934e6a29b76.ctex
Loading resource: res://assets/fish/painted_comber.png
Loading resource: res://.godot/imported/painted_comber.png-e6d2d967eb91c4e55eb20e77e1719faf.ctex
Loading resource: res://assets/fish/painted_comber_thumb.png
Loading resource: res://.godot/imported/painted_comber_thumb.png-549a4fed2a9bbcba4673e0b69b4bc970.ctex
Loading resource: res://assets/fish/pollack.png
Loading resource: res://.godot/imported/pollack.png-a8098256f88c05b2b335b33409ecf990.ctex
Loading resource: res://assets/fish/pollack_thumb.png
Loading resource: res://.godot/imported/pollack_thumb.png-558687783d2e7b4cca062123883f2d01.ctex
Loading resource: res://assets/fish/red_mullet.png
Loading resource: res://.godot/imported/red_mullet.png-ed09d28c4f8f494a61c29da6d29e3c37.ctex
Loading resource: res://assets/fish/red_mullet_thumb.png
Loading resource: res://.godot/imported/red_mullet_thumb.png-cb64fc3524ec6fe6de0ab2f18c6f461c.ctex
Loading resource: res://assets/fish/red_seabream.png
Loading resource: res://.godot/imported/red_seabream.png-e0c01e574d93c563e497da78c2e2001f.ctex
Loading resource: res://assets/fish/red_seabream_thumb.png
Loading resource: res://.godot/imported/red_seabream_thumb.png-75f011d8ba25016c3211103dc5efc9a5.ctex
Loading resource: res://assets/fish/roach.png
Loading resource: res://.godot/imported/roach.png-923a904e91d6f4b750892e66c64bd0d7.ctex
Loading resource: res://assets/fish/roach_thumb.png
Loading resource: res://.godot/imported/roach_thumb.png-adf3417d734ba914ab2bdaf28b5b5062.ctex
Loading resource: res://assets/fish/rudd.png
Loading resource: res://.godot/imported/rudd.png-2570ba22ddb96489452224a45f043cbd.ctex
Loading resource: res://assets/fish/rudd_thumb.png
Loading resource: res://.godot/imported/rudd_thumb.png-8fd79a55643a8e838339b519f980c355.ctex
Loading resource: res://assets/fish/saddled_seabream.png
Loading resource: res://.godot/imported/saddled_seabream.png-fadb1b35fdd5584e07570f1edd57dcc4.ctex
Loading resource: res://assets/fish/saddled_seabream_thumb.png
Loading resource: res://.godot/imported/saddled_seabream_thumb.png-106f4f66e62a1461645e5a006c509c18.ctex
Loading resource: res://assets/fish/saithe.png
Loading resource: res://.godot/imported/saithe.png-b6716465c6ce815a3c7d7b6d5892ee20.ctex
Loading resource: res://assets/fish/saithe_thumb.png
Loading resource: res://.godot/imported/saithe_thumb.png-4a68546decea570b1d51f7406e832ce2.ctex
Loading resource: res://assets/fish/southern_catfish.png
Loading resource: res://.godot/imported/southern_catfish.png-b8e7e40d605502d0c0f60236efa93081.ctex
Loading resource: res://assets/fish/southern_catfish_thumb.png
Loading resource: res://.godot/imported/southern_catfish_thumb.png-1ead559b0d1b0b7e9ccdd0752b2264d9.ctex
Loading resource: res://assets/fish/tench.png
Loading resource: res://.godot/imported/tench.png-b0024bff14a731a88b70db6841b76e46.ctex
Loading resource: res://assets/fish/tench_thumb.png
Loading resource: res://.godot/imported/tench_thumb.png-06a02a3890037525aaf6fbfb42fa029f.ctex
Loading resource: res://assets/fish/white_seabream.png
Loading resource: res://.godot/imported/white_seabream.png-6798add9e856542f26629b2679bcbff4.ctex
Loading resource: res://assets/fish/white_seabream_thumb.png
Loading resource: res://.godot/imported/white_seabream_thumb.png-6f81dcc93ac3fbb8adac6f13abaa7e75.ctex
Loading resource: res://assets/fish/yellowcheek.png
Loading resource: res://.godot/imported/yellowcheek.png-bd6508f04662a00bbb34ae992343ee38.ctex
Loading resource: res://assets/fish/yellowcheek_thumb.png
Loading resource: res://.godot/imported/yellowcheek_thumb.png-6b5eafccb78e9cd2001a7523d5c9fac0.ctex
Loading resource: res://assets/ui/icons/rod.png
Loading resource: res://.godot/imported/rod.png-b99efe288498ccda5635da3718e93b86.ctex
Loading resource: res://assets/ui/icons/reel.png
Loading resource: res://.godot/imported/reel.png-5f06a8500b34941c3a11037f88f6f89e.ctex
Loading resource: res://assets/ui/icons/hook.png
Loading resource: res://.godot/imported/hook.png-c06e476023306c992a6919efd278e45a.ctex
Loading resource: res://assets/ui/icons/bag.png
Loading resource: res://.godot/imported/bag.png-3b8ebf8c092644ab8914e54ca91f1d8e.ctex
Loading resource: res://assets/ui/icons/compass.png
Loading resource: res://.godot/imported/compass.png-f8a8d9acf15e0c6b59d88baa273bad7b.ctex
Loading resource: res://assets/ui/icons/book.png
Loading resource: res://.godot/imported/book.png-df174995bf8aa0b01d00e41ac555f0e0.ctex
Loading resource: res://assets/ui/icons/heart.png
Loading resource: res://.godot/imported/heart.png-8a50dc08cbb44dc094a7a9f491e4efc7.ctex
Loading resource: res://assets/ui/icons/coin.png
Loading resource: res://.godot/imported/coin.png-00572d01155dc5a8f71d960105e0f971.ctex
Loading resource: res://assets/ui/icons/badge.png
Loading resource: res://.godot/imported/badge.png-c8b2e86c8b98a0167c7d33e6ee302950.ctex
Loading resource: res://assets/ui/icons/pause.png
Loading resource: res://.godot/imported/pause.png-c9683d27010e8906901570fdb199319a.ctex
Loading resource: res://assets/ui/icons/settings.png
Loading resource: res://.godot/imported/settings.png-05f96689361c066ede9747ca7d01171b.ctex
Loading resource: res://assets/ui/icons/sound.png
Loading resource: res://.godot/imported/sound.png-94a5a210625e713748b7f3b3284b10a1.ctex
Loading resource: res://assets/ui/icons/back.png
Loading resource: res://.godot/imported/back.png-b62d732550ef97418233e69fb5b72b8b.ctex
Loading resource: res://assets/ui/icons/arrow.png
Loading resource: res://.godot/imported/arrow.png-b6edffde7553b965de76c6a473840d0f.ctex
Loading resource: res://assets/ui/icons/sort.png
Loading resource: res://.godot/imported/sort.png-411dbb92e65439a4a6ede18e93381d71.ctex
Loading resource: res://assets/ui/icons/search.png
Loading resource: res://.godot/imported/search.png-ece43c686b2b320a8c8b0fd7fb1f50af.ctex
Loading resource: res://assets/ui/icons/release.png
Loading resource: res://.godot/imported/release.png-9c8811d778bd8cb56e34156fd5bccfae.ctex
Loading resource: res://assets/ui/icons/worm.png
Loading resource: res://.godot/imported/worm.png-3bdd84d499160dd3d8bad971a56eae42.ctex
Loading resource: res://assets/ui/icons/grain.png
Loading resource: res://.godot/imported/grain.png-43eba2de8c3e5db9657506afbd600115.ctex
Loading resource: res://assets/ui/icons/shrimp.png
Loading resource: res://.godot/imported/shrimp.png-175891f0737caffb0fe57cfa41a13b8a.ctex
Loading resource: res://assets/ui/icons/lure.png
Loading resource: res://.godot/imported/lure.png-5c3b1d3c5cd31a9a97c11b5842fcbd2c.ctex
Loading resource: res://assets/ui/icons/sun.png
Loading resource: res://.godot/imported/sun.png-6855bb8528dffbc1ca4e5f62ec073504.ctex
Loading resource: res://assets/ui/icons/dusk.png
Loading resource: res://.godot/imported/dusk.png-a19af3a1e0e8ffe5180a51228c5b4756.ctex
Loading resource: res://assets/ui/icons/rain.png
Loading resource: res://.godot/imported/rain.png-b91fb20c5064d9dfab10f9db99fc13f0.ctex
Loading resource: res://assets/ui/icons/ruler.png
Loading resource: res://.godot/imported/ruler.png-852215a1d486121d18652dd25d93eb7d.ctex
Loading resource: res://assets/ui/icons/sweetcorn.png
Loading resource: res://.godot/imported/sweetcorn.png-44d174fd7f8482e9446f21ef24a4f537.ctex
Loading resource: res://assets/ui/icons/dough.png
Loading resource: res://.godot/imported/dough.png-41cb5a8c9d8485635ef11efa8b80fe71.ctex
Loading resource: res://assets/ui/icons/cut_fish.png
Loading resource: res://.godot/imported/cut_fish.png-72a8642e2f091c59fb33c5901a81b02d.ctex
Loading resource: res://assets/ui/icons/spinner.png
Loading resource: res://.godot/imported/spinner.png-4031a31792031ea7bc548af6802493b3.ctex
Loading resource: res://assets/ui/icons/rod_spinning.png
Loading resource: res://.godot/imported/rod_spinning.png-872cd357d60e2cad80643826305e1cef.ctex
Loading resource: res://assets/ui/icons/rod_heavy.png
Loading resource: res://.godot/imported/rod_heavy.png-1a7ec19d23573fad7415ce52da232309.ctex
Loading resource: res://assets/fonts/NotoSansCJK-Regular.ttc
Loading resource: res://.godot/imported/NotoSansCJK-Regular.ttc-bf6a5134ec173401ff9bd69115e437ec.fontdata
Loading resource: res://assets/audio/water.wav
Loading resource: res://.godot/imported/water.wav-bd2ab1d6bdc9337433d5c6f8111fa80f.sample
Shader cache miss for SkyShaderRD/21f924306eb18caac3ace30e495c78ba40ae7b2f490d5e4f3b13a79479216b9c/e105b1e014f9523daf8d734c2f2dc115ba341902
Shader cache miss for SkyShaderRD/21f924306eb18caac3ace30e495c78ba40ae7b2f490d5e4f3b13a79479216b9c/06f5f5e10462b0d8585cbd58e81cbff02354eee0
Loading resource: res://assets/3d/environment/cc0/cloud_layers_2k.hdr
Loading resource: res://.godot/imported/cloud_layers_2k.hdr-3fc625efd69ddd700cfdc5182cbbf2a3.ctex
Loading resource: res://assets/3d/environment/region_lake.glb
Loading resource: res://.godot/imported/region_lake.glb-0664f6f07bf414bdf4801c42e0579d01.scn
Shader cache miss for SceneForwardMobileShaderRD/7c12ded287ade2dc4911d570d9d9db7efca1a7d17570dfb60e57110d573dee4f/30ea1cfcc085bfb1a90a886d5ed3100b9928d767
Loading resource: res://assets/3d/environment/station_dock.glb
Loading resource: res://.godot/imported/station_dock.glb-fab578a453875aa480353c490354e63c.scn
Shader cache miss for SceneForwardMobileShaderRD/7c12ded287ade2dc4911d570d9d9db7efca1a7d17570dfb60e57110d573dee4f/618bacea7d1a36815be6df5015f65b89c4c0442f
Shader cache miss for SceneForwardMobileShaderRD/7c12ded287ade2dc4911d570d9d9db7efca1a7d17570dfb60e57110d573dee4f/b368722da57e3a5590ec8eddb9776bd9e5a03abe
Shader cache miss for SceneForwardMobileShaderRD/7c12ded287ade2dc4911d570d9d9db7efca1a7d17570dfb60e57110d573dee4f/be1f27a5124216abbb57a80a866243f47ec1df99
Shader cache miss for SceneForwardMobileShaderRD/7c12ded287ade2dc4911d570d9d9db7efca1a7d17570dfb60e57110d573dee4f/03a5c6d2ed180e041c517bb7b4f87697b0768755
Loading resource: res://assets/3d/environment/cc0/rock_face_03_diff_2k.png
Loading resource: res://.godot/imported/rock_face_03_diff_2k.png-c585b18bd9bb297a931bd31c6099dac8.ctex
WARNING: Image format RGB8 not supported by hardware, converting to RGBA8.
     at: _validate_texture_format (servers/rendering/renderer_rd/storage_rd/texture_storage.cpp:2426)
     GDScript backtrace (most recent call first):
         [0] _apply_foliage (res://scripts/fishing_stage_3d.gd:843)
         [1] _apply_foliage (res://scripts/fishing_stage_3d.gd:865)
         [2] _replace_location_geometry (res://scripts/fishing_stage_3d.gd:288)
         [3] _build_world (res://scripts/fishing_stage_3d.gd:756)
         [4] _ready (res://scripts/fishing_stage_3d.gd:136)
         [5] _build_fishing_screen (res://scripts/main.gd:242)
         [6] _ready (res://scripts/main.gd:113)
         [7] _run (res://tests/fish_art_ui_tests.gd:45)
Loading resource: res://assets/3d/environment/cc0/rock_face_03_nor_gl_2k.png
Loading resource: res://.godot/imported/rock_face_03_nor_gl_2k.png-2cba2fc715c54442f88b95855993d4e6.ctex
WARNING: Image format RGB8 not supported by hardware, converting to RGBA8.
     at: _validate_texture_format (servers/rendering/renderer_rd/storage_rd/texture_storage.cpp:2426)
     GDScript backtrace (most recent call first):
         [0] _apply_foliage (res://scripts/fishing_stage_3d.gd:844)
         [1] _apply_foliage (res://scripts/fishing_stage_3d.gd:865)
         [2] _replace_location_geometry (res://scripts/fishing_stage_3d.gd:288)
         [3] _build_world (res://scripts/fishing_stage_3d.gd:756)
         [4] _ready (res://scripts/fishing_stage_3d.gd:136)
         [5] _build_fishing_screen (res://scripts/main.gd:242)
         [6] _ready (res://scripts/main.gd:113)
         [7] _run (res://tests/fish_art_ui_tests.gd:45)
Loading resource: res://assets/3d/environment/cc0/rock_face_03_rough_2k.png
Loading resource: res://.godot/imported/rock_face_03_rough_2k.png-aaf5b1a516d3b9ad17e3213abda8fd26.ctex
Shader cache miss for SceneForwardMobileShaderRD/7c12ded287ade2dc4911d570d9d9db7efca1a7d17570dfb60e57110d573dee4f/ef35dbfdc3125fbf8398b79f19a8bd2b1fcec434
Loading resource: res://assets/3d/environment/cc0/brown_planks_03_diff_2k.png
Loading resource: res://.godot/imported/brown_planks_03_diff_2k.png-176acb95cc7e0814dae2ceaaa36b7945.ctex
WARNING: Image format RGB8 not supported by hardware, converting to RGBA8.
     at: _validate_texture_format (servers/rendering/renderer_rd/storage_rd/texture_storage.cpp:2426)
     GDScript backtrace (most recent call first):
         [0] _apply_foliage (res://scripts/fishing_stage_3d.gd:861)
         [1] _apply_foliage (res://scripts/fishing_stage_3d.gd:865)
         [2] _replace_location_geometry (res://scripts/fishing_stage_3d.gd:292)
         [3] _build_world (res://scripts/fishing_stage_3d.gd:756)
         [4] _ready (res://scripts/fishing_stage_3d.gd:136)
         [5] _build_fishing_screen (res://scripts/main.gd:242)
         [6] _ready (res://scripts/main.gd:113)
         [7] _run (res://tests/fish_art_ui_tests.gd:45)
Loading resource: res://assets/3d/environment/cc0/brown_planks_03_nor_gl_2k.png
Loading resource: res://.godot/imported/brown_planks_03_nor_gl_2k.png-44c20037401a6f4ae764fd0cae4631cc.ctex
WARNING: Image format RGB8 not supported by hardware, converting to RGBA8.
     at: _validate_texture_format (servers/rendering/renderer_rd/storage_rd/texture_storage.cpp:2426)
     GDScript backtrace (most recent call first):
         [0] _apply_foliage (res://scripts/fishing_stage_3d.gd:862)
         [1] _apply_foliage (res://scripts/fishing_stage_3d.gd:865)
         [2] _replace_location_geometry (res://scripts/fishing_stage_3d.gd:292)
         [3] _build_world (res://scripts/fishing_stage_3d.gd:756)
         [4] _ready (res://scripts/fishing_stage_3d.gd:136)
         [5] _build_fishing_screen (res://scripts/main.gd:242)
         [6] _ready (res://scripts/main.gd:113)
         [7] _run (res://tests/fish_art_ui_tests.gd:45)
Loading resource: res://assets/3d/environment/cc0/brown_planks_03_rough_2k.png
Loading resource: res://.godot/imported/brown_planks_03_rough_2k.png-54b2074c7c198f6dacde79c15db95ed6.ctex
Shader cache miss for SceneForwardMobileShaderRD/7c12ded287ade2dc4911d570d9d9db7efca1a7d17570dfb60e57110d573dee4f/c7119ffbfdef263c790929c87e6afbc810647838
Loading resource: res://assets/3d/angler.glb
Loading resource: res://.godot/imported/angler.glb-c3ba982495f53e445bc4412698d257bb.scn
Shader cache miss for SceneForwardMobileShaderRD/7c12ded287ade2dc4911d570d9d9db7efca1a7d17570dfb60e57110d573dee4f/a6ed56c07f0a79524271333652a8d47df68002ea
Shader cache miss for SceneForwardMobileShaderRD/7c12ded287ade2dc4911d570d9d9db7efca1a7d17570dfb60e57110d573dee4f/04743434113297b9f15502338cfed75ac3e93b99
Shader cache miss for SceneForwardMobileShaderRD/7c12ded287ade2dc4911d570d9d9db7efca1a7d17570dfb60e57110d573dee4f/146fd1c393a1a4cfaae287ced53fe48a9884a7bf
Shader cache miss for ParticlesShaderRD/527b8e067ac0ad8d5ca4af3230efbc7edb63fc49fd10c48dd765f7d4134c2606/69ee7b425aac7b6172fd443f66795c3bf31dd891
PHOTO_UI_SCOPE: canonical-photoreal-44; production native pages; no release gate override; not Android validation
Loading resource: res://assets/fish/tench_thumb.png
Loading resource: res://.godot/imported/tench_thumb.png-06a02a3890037525aaf6fbfb42fa029f.ctex
Shader cache miss for CanvasShaderRD/f30a5b440b1341c6eaa19af108108f7adb605232e31fd6aeac74e4825e07ec28/cffd3e5c93482536f19b220b566941b168c86b7f
Loading resource: res://assets/fish/chinese_sturgeon_thumb.png
Loading resource: res://.godot/imported/chinese_sturgeon_thumb.png-7627ee85f0e6b8e59b7b32e543939118.ctex
Loading resource: res://assets/fish/northern_snakehead_thumb.png
Loading resource: res://.godot/imported/northern_snakehead_thumb.png-55c514d61089458838181e2cbb1463db.ctex
Loading resource: res://assets/fish/southern_catfish_thumb.png
Loading resource: res://.godot/imported/southern_catfish_thumb.png-1ead559b0d1b0b7e9ccdd0752b2264d9.ctex
Loading resource: res://assets/fish/largemouth_bass_thumb.png
Loading resource: res://.godot/imported/largemouth_bass_thumb.png-a186c7707467c54292f6e5982a1435f8.ctex
Loading resource: res://assets/fish/atlantic_wolffish_thumb.png
Loading resource: res://.godot/imported/atlantic_wolffish_thumb.png-0f5fbc1ed49ac007968460319b0a4e4f.ctex
Loading resource: res://assets/fish/atlantic_mackerel_thumb.png
Loading resource: res://.godot/imported/atlantic_mackerel_thumb.png-1417bdc66ef60bab73214de22268ea87.ctex
Loading resource: res://assets/fish/atlantic_herring_thumb.png
Loading resource: res://.godot/imported/atlantic_herring_thumb.png-4282928580593437fe6c92267f1cd5e8.ctex
Loading resource: res://assets/fish/atlantic_cod_thumb.png
Loading resource: res://.godot/imported/atlantic_cod_thumb.png-d2fe6022200a91cf1cadb2bb3b130305.ctex
Loading resource: res://assets/fish/painted_comber_thumb.png
Loading resource: res://.godot/imported/painted_comber_thumb.png-549a4fed2a9bbcba4673e0b69b4bc970.ctex
Loading resource: res://assets/fish/bowfin_thumb.png
Loading resource: res://.godot/imported/bowfin_thumb.png-f37eb1005e5fd56a84527721dbdda5e6.ctex
Loading resource: res://assets/fish/flathead_catfish_thumb.png
Loading resource: res://.godot/imported/flathead_catfish_thumb.png-96661161a9219e0af308ee61a569273d.ctex
Loading resource: res://assets/fish/roach_thumb.png
Loading resource: res://.godot/imported/roach_thumb.png-adf3417d734ba914ab2bdaf28b5b5062.ctex
Loading resource: res://assets/fish/channel_catfish_thumb.png
Loading resource: res://.godot/imported/channel_catfish_thumb.png-7c5cdd66701d32307e2504744763aaa5.ctex
Loading resource: res://assets/fish/japanese_whiting_thumb.png
Loading resource: res://.godot/imported/japanese_whiting_thumb.png-f6464f360fd32f77e32b774b90162004.ctex
Loading resource: res://assets/fish/japanese_horse_mackerel_thumb.png
Loading resource: res://.godot/imported/japanese_horse_mackerel_thumb.png-de1967ed576ce89eabbd0bbd579c8651.ctex
Loading resource: res://assets/fish/japanese_seabass_thumb.png
Loading resource: res://.godot/imported/japanese_seabass_thumb.png-3cdfdc9ab5b36bee8ee3b88f75b6ebc7.ctex
Loading resource: res://assets/fish/chub_mackerel_thumb.png
Loading resource: res://.godot/imported/chub_mackerel_thumb.png-0df4b6ee1f19f3716a28b29cfd69c1ed.ctex
Loading resource: res://assets/fish/european_seabass_thumb.png
Loading resource: res://.godot/imported/european_seabass_thumb.png-7c1744c0334ce8548a989016ecb4651a.ctex
Loading resource: res://assets/fish/crucian_carp_thumb.png
Loading resource: res://.godot/imported/crucian_carp_thumb.png-29f64bb4d1f45818bfa59f2e87392a10.ctex
Loading resource: res://assets/fish/european_plaice_thumb.png
Loading resource: res://.godot/imported/european_plaice_thumb.png-8675d43f3945efef029778732a92ad00.ctex
Loading resource: res://assets/fish/common_bream_thumb.png
Loading resource: res://.godot/imported/common_bream_thumb.png-5af5a1e2dea3a47bcce2db48e26ef62d.ctex
Loading resource: res://assets/fish/european_perch_thumb.png
Loading resource: res://.godot/imported/european_perch_thumb.png-9eca30cc8763c03b43caada01449a915.ctex
Loading resource: res://assets/fish/olive_flounder_thumb.png
Loading resource: res://.godot/imported/olive_flounder_thumb.png-6a5daa44cd2d689f5f7bd934e6a29b76.ctex
Loading resource: res://assets/fish/annular_seabream_thumb.png
Loading resource: res://.godot/imported/annular_seabream_thumb.png-c94e0000e5ddccd8727fc7814431fb45.ctex
Loading resource: res://assets/fish/northern_pike_thumb.png
Loading resource: res://.godot/imported/northern_pike_thumb.png-e8c329ed2148422538809c16f26ce5af.ctex
Loading resource: res://assets/fish/white_seabream_thumb.png
Loading resource: res://.godot/imported/white_seabream_thumb.png-6f81dcc93ac3fbb8adac6f13abaa7e75.ctex
Loading resource: res://assets/fish/red_seabream_thumb.png
Loading resource: res://.godot/imported/red_seabream_thumb.png-75f011d8ba25016c3211103dc5efc9a5.ctex
Loading resource: res://assets/fish/rudd_thumb.png
Loading resource: res://.godot/imported/rudd_thumb.png-8fd79a55643a8e838339b519f980c355.ctex
Loading resource: res://assets/fish/red_mullet_thumb.png
Loading resource: res://.godot/imported/red_mullet_thumb.png-cb64fc3524ec6fe6de0ab2f18c6f461c.ctex
Loading resource: res://assets/fish/common_pandora_thumb.png
Loading resource: res://.godot/imported/common_pandora_thumb.png-90559b1ba3b09113e9dc6ac47fd2ca44.ctex
Loading resource: res://assets/fish/saithe_thumb.png
Loading resource: res://.godot/imported/saithe_thumb.png-4a68546decea570b1d51f7406e832ce2.ctex
Loading resource: res://assets/fish/marbled_rockfish_thumb.png
Loading resource: res://.godot/imported/marbled_rockfish_thumb.png-57585b2f28aa40a600770e3d2ee92c89.ctex
Loading resource: res://assets/fish/gilthead_seabream_thumb.png
Loading resource: res://.godot/imported/gilthead_seabream_thumb.png-e72672d67aa77ff5bad57d5929a39fe3.ctex
Loading resource: res://assets/fish/longnose_gar_thumb.png
Loading resource: res://.godot/imported/longnose_gar_thumb.png-1922099e9871a585b0f6bceba251dd32.ctex
Loading resource: res://assets/fish/longsnout_catfish_thumb.png
Loading resource: res://.godot/imported/longsnout_catfish_thumb.png-509ac3f49e21d5760a6e9d20d0c1da04.ctex
Loading resource: res://assets/fish/pollack_thumb.png
Loading resource: res://.godot/imported/pollack_thumb.png-558687783d2e7b4cca062123883f2d01.ctex
Loading resource: res://assets/fish/common_carp_thumb.png
Loading resource: res://.godot/imported/common_carp_thumb.png-409e7b2471787dc5234aa1523edbd159.ctex
Loading resource: res://assets/fish/alligator_gar_thumb.png
Loading resource: res://.godot/imported/alligator_gar_thumb.png-ed2030470c6a080ad78cb79d6cb531b3.ctex
Loading resource: res://assets/fish/mandarin_fish_thumb.png
Loading resource: res://.godot/imported/mandarin_fish_thumb.png-6167985ac6bad49cc87edb122fbb6ff3.ctex
Loading resource: res://assets/fish/yellowcheek_thumb.png
Loading resource: res://.godot/imported/yellowcheek_thumb.png-6b5eafccb78e9cd2001a7523d5c9fac0.ctex
Loading resource: res://assets/fish/saddled_seabream_thumb.png
Loading resource: res://.godot/imported/saddled_seabream_thumb.png-106f4f66e62a1461645e5a006c509c18.ctex
Loading resource: res://assets/fish/haddock_thumb.png
Loading resource: res://.godot/imported/haddock_thumb.png-373c9f25e8ff8da3b5907930cd4f9d9b.ctex
Loading resource: res://assets/fish/black_seabream_thumb.png
Loading resource: res://.godot/imported/black_seabream_thumb.png-cb2790fae1eba9749f522d99065a5968.ctex
Shader cache miss for SceneForwardMobileShaderRD/7c12ded287ade2dc4911d570d9d9db7efca1a7d17570dfb60e57110d573dee4f/777904e97fe42245ebc3f597cd2b25f9fcaa8b86
Loading resource: res://assets/fish/european_perch.png
Loading resource: res://.godot/imported/european_perch.png-a0088a57099180e72217c6335e3c5836.ctex
Loading resource: res://assets/fish/common_carp.png
Loading resource: res://.godot/imported/common_carp.png-a0e2723410a2d00785f3b6d143aa8c75.ctex
Loading resource: res://assets/fish/alligator_gar.png
Loading resource: res://.godot/imported/alligator_gar.png-cd68bdc9a0a67639df8702c1c10b2cfa.ctex
Loading resource: res://assets/fish/chinese_sturgeon.png
Loading resource: res://.godot/imported/chinese_sturgeon.png-236579f30ed12c72c3de2107baf90b9a.ctex
Loading resource: res://assets/fish/european_plaice.png
Loading resource: res://.godot/imported/european_plaice.png-c780f6012b953f099f32a6ee8fc55a41.ctex
Loading resource: res://assets/fish/southern_catfish.png
Loading resource: res://.godot/imported/southern_catfish.png-b8e7e40d605502d0c0f60236efa93081.ctex
Loading resource: res://assets/fish/olive_flounder.png
Loading resource: res://.godot/imported/olive_flounder.png-475c845c36f97ae1e1bfc10a6cbe474a.ctex
FISH_ART_UI_TESTS: 280/280 passed; canonical-photoreal-44; (720, 1280) desktop layout
XR: Clearing primary interface
XR: Removed interface "Native mobile"
XR: Removed interface "OpenXR"
MultiUmaBuffer 'SceneState::uniform_buffers' used a total of 0 buffers. A large number may indicate a waste of VRAM and can be brought down by tweaking MAX_EXTRA_BUFFERS for this buffer.
MultiUmaBuffer 'RENDER_LIST_OPAQUE' used a total of 0 buffers. A large number may indicate a waste of VRAM and can be brought down by tweaking MAX_EXTRA_BUFFERS for this buffer.
MultiUmaBuffer 'RENDER_LIST_ALPHA' used a total of 0 buffers. A large number may indicate a waste of VRAM and can be brought down by tweaking MAX_EXTRA_BUFFERS for this buffer.
MultiUmaBuffer 'RENDER_LIST_SECONDARY' used a total of 0 buffers. A large number may indicate a waste of VRAM and can be brought down by tweaking MAX_EXTRA_BUFFERS for this buffer.
MultiUmaBuffer 'CANVAS_INSTANCE_DATA' used a total of 2 buffers. A large number may indicate a waste of VRAM and can be brought down by tweaking MAX_EXTRA_BUFFERS for this buffer.
Accessibility: window 0 adapter destroyed.
