DESKTOP_SOFTWARE_RENDER: private X display; Mesa lavapipe Vulkan; not Android hardware
Godot Engine v4.6.3.stable.official.7d41c59c4 - https://godotengine.org
Vulkan 1.4.305 - Forward Mobile - Using Device #0: Unknown - llvmpipe (LLVM 19.1.7, 256 bits)

FLOAT_WATER_NORMAL_READY (512, 512)
FLOAT_CAPTURE human_lobby_720x1280 dip=0.0 lift=0.0 drag=(0.0, 0.0)
FLOAT_CAPTURE human_lobby_720x1584 dip=0.0 lift=0.0 drag=(0.0, 0.0)
FLOAT_CAPTURE_RENDERER mobile / llvmpipe (LLVM 19.1.7, 256 bits)
FLOAT_CAPTURE_FIXTURES {"lift":{"contact_peak":0.212251110903992,"contact_time":8.35000000000017,"peak_time":10.2000000000001,"return_time":12.8583333333332,"seed":3,"signature":"lift","video_start":7.43333333333352},"sink":{"contact_peak":0.352837155061204,"contact_time":5.98333333333342,"peak_time":7.95000000000018,"return_time":10.0333333333334,"seed":2,"signature":"sink","video_start":5.14166666666674},"soft":{"contact_peak":0.267450658473179,"contact_time":6.52500000000011,"peak_time":8.97500000000013,"return_time":12.4999999999999,"seed":1,"signature":"soft","video_start":5.05000000000007},"travel":{"contact_peak":0.376304754163741,"contact_time":28.974999999999,"peak_time":32.9666666666654,"return_time":35.3916666666653,"seed":14,"signature":"travel","video_start":27.1166666666657}}
FLOAT_CAPTURE lift_neutral_720x1280 dip=0.0 lift=0.0 drag=(0.0, 0.0)
FLOAT_CAPTURE lift_neutral_720x1584 dip=0.0 lift=0.0 drag=(0.0, 0.0)
FLOAT_CAPTURE lift_wave_720x1280 dip=0.0 lift=0.0 drag=(0.0, 0.0)
FLOAT_CAPTURE lift_contact_720x1280 dip=0.20558106376637 lift=0.0 drag=(0.0, 0.0)
FLOAT_CAPTURE lift_signal_720x1280 dip=0.0 lift=0.76336560410706 drag=(0.00015, 0.000822)
FLOAT_CAPTURE lift_signal_720x1584 dip=0.0 lift=0.76336560410706 drag=(0.00015, 0.000822)
FLOAT_CAPTURE lift_rain_lighting_720x1584 dip=0.0 lift=0.76336560410706 drag=(0.00015, 0.000822)
FLOAT_CAPTURE lift_recovery_720x1280 dip=0.0 lift=0.00185362828101 drag=(0.011697, 0.064255)
FLOAT_CAPTURE sink_neutral_720x1280 dip=0.0 lift=0.0 drag=(0.0, 0.0)
FLOAT_CAPTURE sink_neutral_720x1584 dip=0.0 lift=0.0 drag=(0.0, 0.0)
FLOAT_CAPTURE sink_wave_720x1280 dip=0.0 lift=0.0 drag=(0.0, 0.0)
FLOAT_CAPTURE sink_contact_720x1280 dip=0.35074151408282 lift=0.0 drag=(0.0, 0.0)
FLOAT_CAPTURE sink_signal_720x1280 dip=0.84675855650167 lift=0.0 drag=(0.004082, -0.006126)
FLOAT_CAPTURE sink_signal_720x1584 dip=0.84675855650167 lift=0.0 drag=(0.004082, -0.006126)
FLOAT_CAPTURE sink_rain_lighting_720x1584 dip=0.84675855650167 lift=0.0 drag=(0.004082, -0.006126)
FLOAT_CAPTURE sink_recovery_720x1280 dip=0.00217365566524 lift=0.0 drag=(0.008545, -0.012825)
FLOAT_CAPTURE travel_neutral_720x1280 dip=0.0 lift=0.0 drag=(0.0, 0.0)
FLOAT_CAPTURE travel_neutral_720x1584 dip=0.0 lift=0.0 drag=(0.0, 0.0)
FLOAT_CAPTURE travel_wave_720x1280 dip=0.0 lift=0.0 drag=(0.0, 0.0)
FLOAT_CAPTURE travel_contact_720x1280 dip=0.35388680024851 lift=0.0 drag=(-0.0, 0.0)
FLOAT_CAPTURE travel_signal_720x1280 dip=0.32999974608304 lift=0.0 drag=(0.037924, 0.166307)
FLOAT_CAPTURE travel_signal_720x1584 dip=0.32999974608304 lift=0.0 drag=(0.037924, 0.166307)
FLOAT_CAPTURE travel_rain_lighting_720x1584 dip=0.32999974608304 lift=0.0 drag=(0.037924, 0.166307)
FLOAT_CAPTURE travel_recovery_720x1280 dip=0.00207954917314 lift=0.0 drag=(0.095179, 0.417379)
FLOAT_CAPTURE soft_neutral_720x1280 dip=0.0 lift=0.0 drag=(0.0, 0.0)
FLOAT_CAPTURE soft_neutral_720x1584 dip=0.0 lift=0.0 drag=(0.0, 0.0)
FLOAT_CAPTURE soft_wave_720x1280 dip=0.0 lift=0.0 drag=(0.0, 0.0)
FLOAT_CAPTURE soft_contact_720x1280 dip=0.2599401793373 lift=0.0 drag=(0.0, 0.0)
FLOAT_CAPTURE soft_signal_720x1280 dip=0.22867728157715 lift=0.0 drag=(0.007334, 0.003441)
FLOAT_CAPTURE soft_signal_720x1584 dip=0.22867728157715 lift=0.0 drag=(0.007334, 0.003441)
FLOAT_CAPTURE soft_rain_lighting_720x1584 dip=0.22867728157715 lift=0.0 drag=(0.007334, 0.003441)
FLOAT_CAPTURE soft_recovery_720x1280 dip=0.002934758232 lift=0.0 drag=(0.059632, 0.027981)
FLOAT_CAPTURE human_cast_loading_720x1280 dip=0.0 lift=0.0 drag=(0.0, 0.0)
FLOAT_CAPTURE human_cast_release_720x1280 dip=0.0 lift=0.0 drag=(0.0, 0.0)
FLOAT_CAPTURE human_reel_720x1280 dip=0.84675855650167 lift=0.0 drag=(0.004082, -0.006126)
FLOAT_CAPTURE human_reel_720x1584 dip=0.84675855650167 lift=0.0 drag=(0.004082, -0.006126)
FLOAT_CAPTURE human_fight_load_720x1280 dip=0.84675855650167 lift=0.0 drag=(0.004082, -0.006126)
HUMAN_CAPTURE_FIGHT_OUTCOME state=7 time=29.7833333333323
FLOAT_CAPTURE human_lift_720x1280 dip=0.84675855650167 lift=0.0 drag=(0.004082, -0.006126)
FLOAT_CAPTURE human_landing_720x1280 dip=0.84675855650167 lift=0.0 drag=(0.004082, -0.006126)
FLOAT_CAPTURE float_construction_inspection_720x1280 dip=0.0 lift=0.0 drag=(0.0, 0.0)
FLOAT_CAPTURE float_guide_top_720x1280 dip=0.0 lift=0.0 drag=(0.0, 0.0)
FLOAT_CAPTURE float_guide_bottom_720x1280 dip=0.0 lift=0.0 drag=(0.0, 0.0)
FLOAT_CAPTURE_COMPLETE frames=646 sources_unchanged=true output=/workspace/scratch/c16084497664/farshore-fishing-restored/build/float-presentation-final
WARNING: 7 RIDs of type "Texture" were leaked.
   at: finalize (servers/rendering/rendering_device.cpp:7505)
