COMMAND: python3 tools/render_godot.py --timeout 1200 -- --path game --rendering-method mobile --rendering-driver vulkan --script res://tests/touch_scroll_tests.gd -- --production --require-full --tall
DESKTOP_SOFTWARE_RENDER: private X display; Mesa lavapipe Vulkan; not Android hardware
Godot Engine v4.6.3.stable.official.7d41c59c4 - https://godotengine.org
Vulkan 1.4.305 - Forward Mobile - Using Device #0: Unknown - llvmpipe (LLVM 19.1.7, 256 bits)

LAYOUT_SCOPE: physical=(720, 1584) logical=(720.0, 1584.0) aspect=expand; representative desktop layout only
PRODUCTION_TOUCH _show_gear offset=315 maximum=2089.0
PRODUCTION_TOUCH_BOTTOM offset=2089 maximum=2089
PRODUCTION_TOUCH _show_travel offset=315 maximum=1619.0
PRODUCTION_TOUCH_BOTTOM offset=1619 maximum=1619
PRODUCTION_TOUCH _show_catalog offset=315 maximum=6287.0
PRODUCTION_TOUCH_BOTTOM offset=6287 maximum=6287
PRODUCTION_TOUCH _show_licenses offset=315 maximum=101596.0
PRODUCTION_TOUCH_BOTTOM offset=101596 maximum=101596
PRODUCTION_TOUCH_BOTTOM offset=2089 maximum=2089
PRODUCTION_TOUCH_BOTTOM offset=2089 maximum=2089
PREVIEW_TOUCH_RANGE maximum=0.0 offset=0 completed_drags=1
TOUCH_SCOPE: complete44 registry; full gameplay assertions enabled
TOUCH_SCROLL_TESTS: 130/130 passed; failures=0; actual Viewport ScreenTouch/ScreenDrag
WARNING: 7 RIDs of type "Texture" were leaked.
   at: finalize (servers/rendering/rendering_device.cpp:7505)
