DESKTOP_SOFTWARE_RENDER: private X display; Mesa lavapipe Vulkan; not Android hardware
WorkerThreadPool: 9 threads, 2 max low-priority.
Godot Engine v4.6.3.stable.official.7d41c59c4 - https://godotengine.org
TextServer: Added interface "Dummy"
TextServer: Added interface "ICU / HarfBuzz / Graphite (Built-in)"
Unrecognized output string "misc2" in mapping:
030000008a2e0000dd10000011010000,Hand Held Legend GC Ultimate,a:b0,b:b2,back:b17,dpdown:b5,dpleft:b6,dpright:b7,dpup:b4,guide:b18,leftshoulder:b10,leftstick:b8,lefttrigger:a3,leftx:a0,lefty:a1,misc1:b19,misc2:b24,paddle1:b13,paddle2:b12,rightshoulder:b11,rightstick:b9,righttrigger:a4,rightx:a2,righty:a5,start:b16,x:b1,y:b3,platform:Linux,
Unrecognized output string "misc2" in mapping:
030000000d0f0000ab01000011010000,Horipad Steam,a:b0,b:b1,back:b10,dpdown:h0.4,dpleft:h0.8,dpright:h0.2,dpup:h0.1,guide:b12,leftshoulder:b6,leftstick:b13,lefttrigger:a5,leftx:a0,lefty:a1,misc2:b2,paddle1:b19,paddle2:b18,paddle3:b15,paddle4:b5,rightshoulder:b7,rightstick:b14,righttrigger:a4,rightx:a2,righty:a3,start:b11,x:b3,y:b4,platform:Linux,
Unrecognized output string "misc2" in mapping:
050000000d0f00009601000091000000,Horipad Steam,a:b0,b:b1,back:b10,dpdown:h0.4,dpleft:h0.8,dpright:h0.2,dpup:h0.1,guide:b12,leftshoulder:b6,leftstick:b13,lefttrigger:a5,leftx:a0,lefty:a1,misc2:b2,paddle1:b19,paddle2:b18,paddle3:b15,paddle4:b5,rightshoulder:b7,rightstick:b14,righttrigger:a4,rightx:a2,righty:a3,start:b11,x:b3,y:b4,platform:Linux,
Unrecognized output string "misc2" in mapping:
030000007e0500006920000011010000,Nintendo Switch 2 Pro Controller,a:b0,b:b1,back:b14,dpdown:b8,dpleft:b10,dpright:b9,dpup:b11,guide:b16,leftshoulder:b12,leftstick:b15,lefttrigger:b13,leftx:a0,lefty:a1~,misc1:b17,misc2:b20,paddle1:b18,paddle2:b19,rightshoulder:b4,rightstick:b7,righttrigger:b5,rightx:a2,righty:a3~,start:b6,x:b2,y:b3,platform:Linux,
SDL: Init OK!
Xshape 1.1 detected.
Xinerama 1.1 detected.
Xrandr 1.6 detected.
Xrender 0.11 detected.
Xinput 2.2 detected.
XInput: Refreshing devices.
XInput: No touch devices found.
Accessibility: window 0 adapter created.
Devices:
  #0: Unknown llvmpipe (LLVM 19.1.7, 256 bits) - Supported, CPU
Optional extension VK_KHR_fragment_shading_rate not found
Optional extension VK_EXT_fragment_density_map not found
Optional extension VK_QCOM_fragment_density_map_offset not found
Optional extension VK_EXT_astc_decode_mode not found
Optional extension VK_EXT_texture_compression_astc_hdr not found
Optional extension VK_EXT_device_fault not found
Optional extension VK_EXT_debug_marker not found
- Vulkan Variable Rate Shading not supported
- Vulkan Fragment Density Map not supported
- Vulkan multiview supported:
  max view count: 6
  max instances: 2147483647
- Vulkan subgroup:
  size: 8
  min size: 8
  max size: 8
  stages: STAGE_FRAGMENT, STAGE_COMPUTE, STAGE_TASK_NV, STAGE_MESH_NV
  supported ops: FEATURE_BASIC, FEATURE_VOTE, FEATURE_ARITHMETIC, FEATURE_BALLOT, FEATURE_SHUFFLE, FEATURE_SHUFFLE_RELATIVE, FEATURE_CLUSTERED, FEATURE_QUAD
Vulkan 1.4.305 - Forward Mobile - Using Device #0: Unknown - llvmpipe (LLVM 19.1.7, 256 bits)
Startup PSO cache (0.0 MiB)
XcursorGetTheme could not get cursor theme
Failed loading custom cursor: crossed_circle
DBus 1.16.2 detected.
Using "default" pen tablet driver...
Creating VMA small objects pool for memory type index 0
Shader 'CanvasSdfShaderRD' (group 0) SHA256: f5163131ffbf6578b3e403ae4a2e93b16c3b4d4f74b7d313965240c9159ca4a3
Shader cache miss for CanvasSdfShaderRD/f5163131ffbf6578b3e403ae4a2e93b16c3b4d4f74b7d313965240c9159ca4a3/087916079fba7c625e62b0c2cca570e0fb87c99a
Shader 'SkeletonShaderRD' (group 0) SHA256: 54e50a68f8252031f493dd1ea6200e9ef718d5bd8693e28030efe1b120eb7905
Shader cache miss for SkeletonShaderRD/54e50a68f8252031f493dd1ea6200e9ef718d5bd8693e28030efe1b120eb7905/087916079fba7c625e62b0c2cca570e0fb87c99a
Shader 'SortShaderRD' (group 0) SHA256: 967234006fae085a9579b3ffd489cee602c4f145dc18ff2bf240e4d8c13498cd
Shader cache miss for SortShaderRD/967234006fae085a9579b3ffd489cee602c4f145dc18ff2bf240e4d8c13498cd/087916079fba7c625e62b0c2cca570e0fb87c99a
Shader 'ParticlesShaderRD' (group 0) SHA256: 527b8e067ac0ad8d5ca4af3230efbc7edb63fc49fd10c48dd765f7d4134c2606
Shader cache miss for ParticlesShaderRD/527b8e067ac0ad8d5ca4af3230efbc7edb63fc49fd10c48dd765f7d4134c2606/f128cab0b22fb7e0d9f023d6cdb81309be392d95
Shader 'ParticlesCopyShaderRD' (group 0) SHA256: bcec80ba01e935ed0dc85d792ce6064d3b9920ff6f4ad7f021c39739c998092c
Shader cache miss for ParticlesCopyShaderRD/bcec80ba01e935ed0dc85d792ce6064d3b9920ff6f4ad7f021c39739c998092c/087916079fba7c625e62b0c2cca570e0fb87c99a
Shader 'CanvasShaderRD' (group 0) SHA256: f30a5b440b1341c6eaa19af108108f7adb605232e31fd6aeac74e4825e07ec28
Shader cache miss for CanvasShaderRD/f30a5b440b1341c6eaa19af108108f7adb605232e31fd6aeac74e4825e07ec28/087916079fba7c625e62b0c2cca570e0fb87c99a
Shader 'CanvasOcclusionShaderRD' (group 0) SHA256: e397c50e1a9e03519ccb486acfdaddf8be9986511a5738dd0fa77e62980f0ad0
Shader cache miss for CanvasOcclusionShaderRD/e397c50e1a9e03519ccb486acfdaddf8be9986511a5738dd0fa77e62980f0ad0/087916079fba7c625e62b0c2cca570e0fb87c99a
Shader cache miss for CanvasShaderRD/f30a5b440b1341c6eaa19af108108f7adb605232e31fd6aeac74e4825e07ec28/8a7277c8d3ac029b087c3fa9c55de85560be5119
Shader cache miss for CanvasShaderRD/f30a5b440b1341c6eaa19af108108f7adb605232e31fd6aeac74e4825e07ec28/45fb1ddc6499e56682916a355ce2839e61f42dfe
Shader 'SceneForwardMobileShaderRD' (group 0) SHA256: be371d61f407c819b28d5874dae04e9c42971c9d7e6e026fba30c48b9ec10a23
Shader 'SceneForwardMobileShaderRD' (group 1) SHA256: 888634f57301d05259cc109285d07794d6cf1f3aa5805f3cf0ed9cc258dd1898
Shader 'SceneForwardMobileShaderRD' (group 2) SHA256: 7c12ded287ade2dc4911d570d9d9db7efca1a7d17570dfb60e57110d573dee4f
Shader 'SceneForwardMobileShaderRD' (group 3) SHA256: 3ac293de0b2bbfce1f178a0e3d67a21aac4ea6258d1fd5c42f0d5002664e8ea1
Shader cache miss for SceneForwardMobileShaderRD/7c12ded287ade2dc4911d570d9d9db7efca1a7d17570dfb60e57110d573dee4f/a38af1e47720abf30ca44f3d3c099c07b046df81
Shader cache miss for SceneForwardMobileShaderRD/7c12ded287ade2dc4911d570d9d9db7efca1a7d17570dfb60e57110d573dee4f/ab0b960474f1491b42ef9f2ca13dbd4ccaf64911
Shader cache miss for SceneForwardMobileShaderRD/7c12ded287ade2dc4911d570d9d9db7efca1a7d17570dfb60e57110d573dee4f/111f8cfd3c260d918df85827eb251dc36a43cb13
Shader 'SkyShaderRD' (group 0) SHA256: 21f924306eb18caac3ace30e495c78ba40ae7b2f490d5e4f3b13a79479216b9c
Shader cache miss for SkyShaderRD/21f924306eb18caac3ace30e495c78ba40ae7b2f490d5e4f3b13a79479216b9c/de678811d1bad3cad4892a8db7b6ea0be197d51d
Shader cache miss for SkyShaderRD/21f924306eb18caac3ace30e495c78ba40ae7b2f490d5e4f3b13a79479216b9c/03e3b11c69e24394b2d955a8c0ba85587bb70839
Shader 'BokehDofRasterShaderRD' (group 0) SHA256: fb063312bd3fa2b278a25d3696f9ded1df8b636f5afecd967151358d257b2b03
Shader cache miss for BokehDofRasterShaderRD/fb063312bd3fa2b278a25d3696f9ded1df8b636f5afecd967151358d257b2b03/087916079fba7c625e62b0c2cca570e0fb87c99a
Shader 'BlurRasterShaderRD' (group 0) SHA256: c5a05590290b9ec5f20bb67bef5879fa61aab890fdd419af2038ad50b791f21e
Shader cache miss for BlurRasterShaderRD/c5a05590290b9ec5f20bb67bef5879fa61aab890fdd419af2038ad50b791f21e/087916079fba7c625e62b0c2cca570e0fb87c99a
Shader 'CopyShaderRD' (group 0) SHA256: bef3ebc581956c1e4cad1b19a4c57b168d4fd3a373a0481f33e26003ca1fa6c6
Shader cache miss for CopyShaderRD/bef3ebc581956c1e4cad1b19a4c57b168d4fd3a373a0481f33e26003ca1fa6c6/087916079fba7c625e62b0c2cca570e0fb87c99a
Shader 'CopyToFbShaderRD' (group 0) SHA256: d2ff28d6e27943750d2e72da5da60d486f9b37ab66241467d62296b893eb4cd0
Shader cache miss for CopyToFbShaderRD/d2ff28d6e27943750d2e72da5da60d486f9b37ab66241467d62296b893eb4cd0/087916079fba7c625e62b0c2cca570e0fb87c99a
Shader 'CubeToDpShaderRD' (group 0) SHA256: a1c0c9b7619044d7ba83959f645735ee8e1d34ad23904a6ac0af8e55d7ba00db
Shader cache miss for CubeToDpShaderRD/a1c0c9b7619044d7ba83959f645735ee8e1d34ad23904a6ac0af8e55d7ba00db/087916079fba7c625e62b0c2cca570e0fb87c99a
Shader 'CubeToOctmapShaderRD' (group 0) SHA256: c8b61d04732bfd2b54191babf0cd12bfae13c795c34c47b484abdf9f06f00205
Shader cache miss for CubeToOctmapShaderRD/c8b61d04732bfd2b54191babf0cd12bfae13c795c34c47b484abdf9f06f00205/087916079fba7c625e62b0c2cca570e0fb87c99a
Shader 'OctmapDownsamplerShaderRD' (group 0) SHA256: ffe6788f20aa023afaf7e888e2cf33c840f3084c8fbb309ed784918a44ebcf23
Shader cache miss for OctmapDownsamplerShaderRD/ffe6788f20aa023afaf7e888e2cf33c840f3084c8fbb309ed784918a44ebcf23/087916079fba7c625e62b0c2cca570e0fb87c99a
Shader 'OctmapFilterShaderRD' (group 0) SHA256: 5fc5fea9e3fe54191ff165540faa285b099e7909be69e7349c971f7ab0a609cc
Shader cache miss for OctmapFilterShaderRD/5fc5fea9e3fe54191ff165540faa285b099e7909be69e7349c971f7ab0a609cc/087916079fba7c625e62b0c2cca570e0fb87c99a
Shader 'OctmapRoughnessShaderRD' (group 0) SHA256: 15e894f5c1a4917d83d34012ecf1ede2bee251fefc7b887b728834d4d817ad55
Shader cache miss for OctmapRoughnessShaderRD/15e894f5c1a4917d83d34012ecf1ede2bee251fefc7b887b728834d4d817ad55/087916079fba7c625e62b0c2cca570e0fb87c99a
Shader 'SpecularMergeShaderRD' (group 0) SHA256: d91816cf1f28c63908a9133ffc50683b675ef9859b0616c7436f475405b22c27
Shader cache miss for SpecularMergeShaderRD/d91816cf1f28c63908a9133ffc50683b675ef9859b0616c7436f475405b22c27/087916079fba7c625e62b0c2cca570e0fb87c99a
Shader 'ShadowFrustumShaderRD' (group 0) SHA256: b56bc1e62633ec9304336b7e957397468d55950f317fcf5a6473439810432caa
Shader cache miss for ShadowFrustumShaderRD/b56bc1e62633ec9304336b7e957397468d55950f317fcf5a6473439810432caa/087916079fba7c625e62b0c2cca570e0fb87c99a
Shader 'MotionVectorsShaderRD' (group 0) SHA256: 00e39c95d2d9272edadd9be2db6dbe65b3460f21d2341c92a77371c843cf4d00
Shader cache miss for MotionVectorsShaderRD/00e39c95d2d9272edadd9be2db6dbe65b3460f21d2341c92a77371c843cf4d00/087916079fba7c625e62b0c2cca570e0fb87c99a
Shader 'LuminanceReduceRasterShaderRD' (group 0) SHA256: 29079e9bb1a1a83216f9116b1c2254cefe0b3db9fe88452f72558ec29f4ba60c
Shader cache miss for LuminanceReduceRasterShaderRD/29079e9bb1a1a83216f9116b1c2254cefe0b3db9fe88452f72558ec29f4ba60c/087916079fba7c625e62b0c2cca570e0fb87c99a
Shader 'SmaaEdgeDetectionShaderRD' (group 0) SHA256: d5021a9d8471f798a9fea1996ea85751035ea859c7fdd21721cc24e149d1e4fe
Shader cache miss for SmaaEdgeDetectionShaderRD/d5021a9d8471f798a9fea1996ea85751035ea859c7fdd21721cc24e149d1e4fe/087916079fba7c625e62b0c2cca570e0fb87c99a
Shader 'SmaaWeightCalculationShaderRD' (group 0) SHA256: 96902d6fbf74206adb55a50fd070fc6de4aaf8dc634f04f92751ac8b307948c7
Shader cache miss for SmaaWeightCalculationShaderRD/96902d6fbf74206adb55a50fd070fc6de4aaf8dc634f04f92751ac8b307948c7/087916079fba7c625e62b0c2cca570e0fb87c99a
Shader 'SmaaBlendingShaderRD' (group 0) SHA256: 3d0a167a9f66fe724550ee422e5f78e94ee25cd28f8d2dd9770c61d98fee5f61
Shader cache miss for SmaaBlendingShaderRD/3d0a167a9f66fe724550ee422e5f78e94ee25cd28f8d2dd9770c61d98fee5f61/087916079fba7c625e62b0c2cca570e0fb87c99a
Shader 'TonemapMobileShaderRD' (group 0) SHA256: 4a5f7c9d25fe7b79dd894efaaf7c56f1ae3a0298ab820586c5bad5bf7afeb298
Shader cache miss for TonemapMobileShaderRD/4a5f7c9d25fe7b79dd894efaaf7c56f1ae3a0298ab820586c5bad5bf7afeb298/087916079fba7c625e62b0c2cca570e0fb87c99a
Shader 'ResolveRasterShaderRD' (group 0) SHA256: 90a6eb69c9e6cae61ec2c9510faf4a924b4127234c1f3817d7280a4d8a6d0214
Shader cache miss for ResolveRasterShaderRD/90a6eb69c9e6cae61ec2c9510faf4a924b4127234c1f3817d7280a4d8a6d0214/087916079fba7c625e62b0c2cca570e0fb87c99a
Shader 'BlitShaderRD' (group 0) SHA256: cff12a2b56a5c7d70f6de186c786c80ec84b1844045fdaf13152862c6a82baf6
Shader cache miss for BlitShaderRD/cff12a2b56a5c7d70f6de186c786c80ec84b1844045fdaf13152862c6a82baf6/087916079fba7c625e62b0c2cca570e0fb87c99a

TextServer: Primary interface set to: "ICU / HarfBuzz / Graphite (Built-in)".
Shader cache miss for CanvasShaderRD/f30a5b440b1341c6eaa19af108108f7adb605232e31fd6aeac74e4825e07ec28/4d35b4f1b981d75cb121b24f26aba4271d0d7a2f
Loading resource: res://default_bus_layout.tres
CORE API HASH: 2475187701
EDITOR API HASH: 3867286884
Loading resource: res://../tools/capture_full44_main.gd
Loading resource: res://scenes/main.tscn
Loading resource: res://scripts/main.gd
Loading resource: res://assets/shaders3d/river_water.gdshader
Loading resource: res://assets/shaders3d/foliage.gdshader
Loading resource: res://assets/shaders3d/ripple.gdshader
Loading resource: res://assets/shaders3d/shore_reeds.gdshader
Loading resource: res://assets/shaders3d/rock_surface.gdshader
Loading resource: res://assets/shaders3d/hdr_sky.gdshader
Loading resource: res://assets/shaders3d/weathered_wood.gdshader
Loading resource: res://assets/shaders3d/riverbank.gdshader
SceneTreeFTI: traversal method DEFAULT
Loaded system CA certificates
Loading resource: res://assets/ui/icons/rod.png
Loading resource: res://.godot/imported/rod.png-b99efe288498ccda5635da3718e93b86.ctex
Loading resource: res://assets/ui/icons/reel.png
Loading resource: res://.godot/imported/reel.png-5f06a8500b34941c3a11037f88f6f89e.ctex
Loading resource: res://assets/ui/icons/hook.png
Loading resource: res://.godot/imported/hook.png-c06e476023306c992a6919efd278e45a.ctex
Loading resource: res://assets/ui/icons/bag.png
Loading resource: res://.godot/imported/bag.png-3b8ebf8c092644ab8914e54ca91f1d8e.ctex
Loading resource: res://assets/ui/icons/compass.png
Loading resource: res://.godot/imported/compass.png-f8a8d9acf15e0c6b59d88baa273bad7b.ctex
Loading resource: res://assets/ui/icons/book.png
Loading resource: res://.godot/imported/book.png-df174995bf8aa0b01d00e41ac555f0e0.ctex
Loading resource: res://assets/ui/icons/heart.png
Loading resource: res://.godot/imported/heart.png-8a50dc08cbb44dc094a7a9f491e4efc7.ctex
Loading resource: res://assets/ui/icons/coin.png
Loading resource: res://.godot/imported/coin.png-00572d01155dc5a8f71d960105e0f971.ctex
Loading resource: res://assets/ui/icons/badge.png
Loading resource: res://.godot/imported/badge.png-c8b2e86c8b98a0167c7d33e6ee302950.ctex
Loading resource: res://assets/ui/icons/pause.png
Loading resource: res://.godot/imported/pause.png-c9683d27010e8906901570fdb199319a.ctex
Loading resource: res://assets/ui/icons/settings.png
Loading resource: res://.godot/imported/settings.png-05f96689361c066ede9747ca7d01171b.ctex
Loading resource: res://assets/ui/icons/sound.png
Loading resource: res://.godot/imported/sound.png-94a5a210625e713748b7f3b3284b10a1.ctex
Loading resource: res://assets/ui/icons/back.png
Loading resource: res://.godot/imported/back.png-b62d732550ef97418233e69fb5b72b8b.ctex
Loading resource: res://assets/ui/icons/arrow.png
Loading resource: res://.godot/imported/arrow.png-b6edffde7553b965de76c6a473840d0f.ctex
Loading resource: res://assets/ui/icons/sort.png
Loading resource: res://.godot/imported/sort.png-411dbb92e65439a4a6ede18e93381d71.ctex
Loading resource: res://assets/ui/icons/search.png
Loading resource: res://.godot/imported/search.png-ece43c686b2b320a8c8b0fd7fb1f50af.ctex
Loading resource: res://assets/ui/icons/release.png
Loading resource: res://.godot/imported/release.png-9c8811d778bd8cb56e34156fd5bccfae.ctex
Loading resource: res://assets/ui/icons/worm.png
Loading resource: res://.godot/imported/worm.png-3bdd84d499160dd3d8bad971a56eae42.ctex
Loading resource: res://assets/ui/icons/grain.png
Loading resource: res://.godot/imported/grain.png-43eba2de8c3e5db9657506afbd600115.ctex
Loading resource: res://assets/ui/icons/shrimp.png
Loading resource: res://.godot/imported/shrimp.png-175891f0737caffb0fe57cfa41a13b8a.ctex
Loading resource: res://assets/ui/icons/lure.png
Loading resource: res://.godot/imported/lure.png-5c3b1d3c5cd31a9a97c11b5842fcbd2c.ctex
Loading resource: res://assets/ui/icons/sun.png
Loading resource: res://.godot/imported/sun.png-6855bb8528dffbc1ca4e5f62ec073504.ctex
Loading resource: res://assets/ui/icons/dusk.png
Loading resource: res://.godot/imported/dusk.png-a19af3a1e0e8ffe5180a51228c5b4756.ctex
Loading resource: res://assets/ui/icons/rain.png
Loading resource: res://.godot/imported/rain.png-b91fb20c5064d9dfab10f9db99fc13f0.ctex
Loading resource: res://assets/ui/icons/ruler.png
Loading resource: res://.godot/imported/ruler.png-852215a1d486121d18652dd25d93eb7d.ctex
Loading resource: res://assets/ui/icons/sweetcorn.png
Loading resource: res://.godot/imported/sweetcorn.png-44d174fd7f8482e9446f21ef24a4f537.ctex
Loading resource: res://assets/ui/icons/dough.png
Loading resource: res://.godot/imported/dough.png-41cb5a8c9d8485635ef11efa8b80fe71.ctex
Loading resource: res://assets/ui/icons/cut_fish.png
Loading resource: res://.godot/imported/cut_fish.png-72a8642e2f091c59fb33c5901a81b02d.ctex
Loading resource: res://assets/ui/icons/spinner.png
Loading resource: res://.godot/imported/spinner.png-4031a31792031ea7bc548af6802493b3.ctex
Loading resource: res://assets/ui/icons/rod_spinning.png
Loading resource: res://.godot/imported/rod_spinning.png-872cd357d60e2cad80643826305e1cef.ctex
Loading resource: res://assets/ui/icons/rod_heavy.png
Loading resource: res://.godot/imported/rod_heavy.png-1a7ec19d23573fad7415ce52da232309.ctex
Loading resource: res://assets/fonts/NotoSansCJK-Regular.ttc
Loading resource: res://.godot/imported/NotoSansCJK-Regular.ttc-bf6a5134ec173401ff9bd69115e437ec.fontdata
Loading resource: res://assets/audio/water.wav
Loading resource: res://.godot/imported/water.wav-bd2ab1d6bdc9337433d5c6f8111fa80f.sample
Shader cache miss for SkyShaderRD/21f924306eb18caac3ace30e495c78ba40ae7b2f490d5e4f3b13a79479216b9c/e105b1e014f9523daf8d734c2f2dc115ba341902
Shader cache miss for SkyShaderRD/21f924306eb18caac3ace30e495c78ba40ae7b2f490d5e4f3b13a79479216b9c/06f5f5e10462b0d8585cbd58e81cbff02354eee0
Loading resource: res://assets/3d/environment/cc0/cloud_layers_2k.hdr
Loading resource: res://.godot/imported/cloud_layers_2k.hdr-3fc625efd69ddd700cfdc5182cbbf2a3.ctex
Loading resource: res://assets/3d/environment/region_lake.glb
Loading resource: res://.godot/imported/region_lake.glb-0664f6f07bf414bdf4801c42e0579d01.scn
Shader cache miss for SceneForwardMobileShaderRD/7c12ded287ade2dc4911d570d9d9db7efca1a7d17570dfb60e57110d573dee4f/30ea1cfcc085bfb1a90a886d5ed3100b9928d767
Loading resource: res://assets/3d/environment/station_dock.glb
Loading resource: res://.godot/imported/station_dock.glb-fab578a453875aa480353c490354e63c.scn
Shader cache miss for SceneForwardMobileShaderRD/7c12ded287ade2dc4911d570d9d9db7efca1a7d17570dfb60e57110d573dee4f/618bacea7d1a36815be6df5015f65b89c4c0442f
Shader cache miss for SceneForwardMobileShaderRD/7c12ded287ade2dc4911d570d9d9db7efca1a7d17570dfb60e57110d573dee4f/b368722da57e3a5590ec8eddb9776bd9e5a03abe
Shader cache miss for SceneForwardMobileShaderRD/7c12ded287ade2dc4911d570d9d9db7efca1a7d17570dfb60e57110d573dee4f/be1f27a5124216abbb57a80a866243f47ec1df99
Shader cache miss for SceneForwardMobileShaderRD/7c12ded287ade2dc4911d570d9d9db7efca1a7d17570dfb60e57110d573dee4f/03a5c6d2ed180e041c517bb7b4f87697b0768755
Loading resource: res://assets/3d/environment/cc0/rock_face_03_diff_2k.png
Loading resource: res://.godot/imported/rock_face_03_diff_2k.png-c585b18bd9bb297a931bd31c6099dac8.ctex
WARNING: Image format RGB8 not supported by hardware, converting to RGBA8.
     at: _validate_texture_format (servers/rendering/renderer_rd/storage_rd/texture_storage.cpp:2426)
     GDScript backtrace (most recent call first):
         [0] _apply_foliage (res://scripts/fishing_stage_3d.gd:819)
         [1] _apply_foliage (res://scripts/fishing_stage_3d.gd:841)
         [2] _replace_location_geometry (res://scripts/fishing_stage_3d.gd:282)
         [3] _build_world (res://scripts/fishing_stage_3d.gd:732)
         [4] _ready (res://scripts/fishing_stage_3d.gd:130)
         [5] _build_fishing_screen (res://scripts/main.gd:237)
         [6] _ready (res://scripts/main.gd:108)
         [7] _run (res://../tools/capture_full44_main.gd:23)
Loading resource: res://assets/3d/environment/cc0/rock_face_03_nor_gl_2k.png
Loading resource: res://.godot/imported/rock_face_03_nor_gl_2k.png-2cba2fc715c54442f88b95855993d4e6.ctex
WARNING: Image format RGB8 not supported by hardware, converting to RGBA8.
     at: _validate_texture_format (servers/rendering/renderer_rd/storage_rd/texture_storage.cpp:2426)
     GDScript backtrace (most recent call first):
         [0] _apply_foliage (res://scripts/fishing_stage_3d.gd:820)
         [1] _apply_foliage (res://scripts/fishing_stage_3d.gd:841)
         [2] _replace_location_geometry (res://scripts/fishing_stage_3d.gd:282)
         [3] _build_world (res://scripts/fishing_stage_3d.gd:732)
         [4] _ready (res://scripts/fishing_stage_3d.gd:130)
         [5] _build_fishing_screen (res://scripts/main.gd:237)
         [6] _ready (res://scripts/main.gd:108)
         [7] _run (res://../tools/capture_full44_main.gd:23)
Loading resource: res://assets/3d/environment/cc0/rock_face_03_rough_2k.png
Loading resource: res://.godot/imported/rock_face_03_rough_2k.png-aaf5b1a516d3b9ad17e3213abda8fd26.ctex
Shader cache miss for SceneForwardMobileShaderRD/7c12ded287ade2dc4911d570d9d9db7efca1a7d17570dfb60e57110d573dee4f/ef35dbfdc3125fbf8398b79f19a8bd2b1fcec434
Loading resource: res://assets/3d/environment/cc0/brown_planks_03_diff_2k.png
Loading resource: res://.godot/imported/brown_planks_03_diff_2k.png-176acb95cc7e0814dae2ceaaa36b7945.ctex
WARNING: Image format RGB8 not supported by hardware, converting to RGBA8.
     at: _validate_texture_format (servers/rendering/renderer_rd/storage_rd/texture_storage.cpp:2426)
     GDScript backtrace (most recent call first):
         [0] _apply_foliage (res://scripts/fishing_stage_3d.gd:837)
         [1] _apply_foliage (res://scripts/fishing_stage_3d.gd:841)
         [2] _replace_location_geometry (res://scripts/fishing_stage_3d.gd:286)
         [3] _build_world (res://scripts/fishing_stage_3d.gd:732)
         [4] _ready (res://scripts/fishing_stage_3d.gd:130)
         [5] _build_fishing_screen (res://scripts/main.gd:237)
         [6] _ready (res://scripts/main.gd:108)
         [7] _run (res://../tools/capture_full44_main.gd:23)
Loading resource: res://assets/3d/environment/cc0/brown_planks_03_nor_gl_2k.png
Loading resource: res://.godot/imported/brown_planks_03_nor_gl_2k.png-44c20037401a6f4ae764fd0cae4631cc.ctex
WARNING: Image format RGB8 not supported by hardware, converting to RGBA8.
     at: _validate_texture_format (servers/rendering/renderer_rd/storage_rd/texture_storage.cpp:2426)
     GDScript backtrace (most recent call first):
         [0] _apply_foliage (res://scripts/fishing_stage_3d.gd:838)
         [1] _apply_foliage (res://scripts/fishing_stage_3d.gd:841)
         [2] _replace_location_geometry (res://scripts/fishing_stage_3d.gd:286)
         [3] _build_world (res://scripts/fishing_stage_3d.gd:732)
         [4] _ready (res://scripts/fishing_stage_3d.gd:130)
         [5] _build_fishing_screen (res://scripts/main.gd:237)
         [6] _ready (res://scripts/main.gd:108)
         [7] _run (res://../tools/capture_full44_main.gd:23)
Loading resource: res://assets/3d/environment/cc0/brown_planks_03_rough_2k.png
Loading resource: res://.godot/imported/brown_planks_03_rough_2k.png-54b2074c7c198f6dacde79c15db95ed6.ctex
Shader cache miss for SceneForwardMobileShaderRD/7c12ded287ade2dc4911d570d9d9db7efca1a7d17570dfb60e57110d573dee4f/c7119ffbfdef263c790929c87e6afbc810647838
Loading resource: res://assets/3d/angler.glb
Loading resource: res://.godot/imported/angler.glb-c3ba982495f53e445bc4412698d257bb.scn
Shader cache miss for SceneForwardMobileShaderRD/7c12ded287ade2dc4911d570d9d9db7efca1a7d17570dfb60e57110d573dee4f/a6ed56c07f0a79524271333652a8d47df68002ea
Shader cache miss for SceneForwardMobileShaderRD/7c12ded287ade2dc4911d570d9d9db7efca1a7d17570dfb60e57110d573dee4f/04743434113297b9f15502338cfed75ac3e93b99
Shader cache miss for SceneForwardMobileShaderRD/7c12ded287ade2dc4911d570d9d9db7efca1a7d17570dfb60e57110d573dee4f/146fd1c393a1a4cfaae287ced53fe48a9884a7bf
Shader cache miss for ParticlesShaderRD/527b8e067ac0ad8d5ca4af3230efbc7edb63fc49fd10c48dd765f7d4134c2606/69ee7b425aac7b6172fd443f66795c3bf31dd891
EVIDENCE_SCOPE: actual Main; isolated save with Norway/rod ownership seeded; ordinary generated encounter and balanced fight; no trial target, readiness override or fake scene
ACTUAL_RENDERER mobile | llvmpipe (LLVM 19.1.7, 256 bits) | 1.4.305
VERSION 1.2.0-beta.1 MODEL_READINESS complete=true errors=0 ROOT_MSAA=2 physical=(720, 1280) logical=(720.0, 1280.0)
Loading resource: res://assets/scenery/lake.png
Loading resource: res://.godot/imported/lake.png-2dd2096e1bafca8f719aa68dbe8836fe.ctex
WARNING: Image format RGB8 not supported by hardware, converting to RGBA8.
     at: _validate_texture_format (servers/rendering/renderer_rd/storage_rd/texture_storage.cpp:2426)
     GDScript backtrace (most recent call first):
         [0] _scene_picture (res://scripts/main.gd:1242)
         [1] _show_travel (res://scripts/main.gd:852)
         [2] _run (res://../tools/capture_full44_main.gd:58)
Loading resource: res://assets/scenery/japan.png
Loading resource: res://.godot/imported/japan.png-408e1a52250acc819fa13eb055bdc77f.ctex
WARNING: Image format RGB8 not supported by hardware, converting to RGBA8.
     at: _validate_texture_format (servers/rendering/renderer_rd/storage_rd/texture_storage.cpp:2426)
     GDScript backtrace (most recent call first):
         [0] _scene_picture (res://scripts/main.gd:1242)
         [1] _show_travel (res://scripts/main.gd:852)
         [2] _run (res://../tools/capture_full44_main.gd:58)
Loading resource: res://assets/scenery/norway.png
Loading resource: res://.godot/imported/norway.png-6efa5207d44e0554e9595f148e4a73a2.ctex
WARNING: Image format RGB8 not supported by hardware, converting to RGBA8.
     at: _validate_texture_format (servers/rendering/renderer_rd/storage_rd/texture_storage.cpp:2426)
     GDScript backtrace (most recent call first):
         [0] _scene_picture (res://scripts/main.gd:1242)
         [1] _show_travel (res://scripts/main.gd:852)
         [2] _run (res://../tools/capture_full44_main.gd:58)
Loading resource: res://assets/scenery/med.png
Loading resource: res://.godot/imported/med.png-fbe1e506e66c06dce5a1e788953a6a03.ctex
WARNING: Image format RGB8 not supported by hardware, converting to RGBA8.
     at: _validate_texture_format (servers/rendering/renderer_rd/storage_rd/texture_storage.cpp:2426)
     GDScript backtrace (most recent call first):
         [0] _scene_picture (res://scripts/main.gd:1242)
         [1] _show_travel (res://scripts/main.gd:852)
         [2] _run (res://../tools/capture_full44_main.gd:58)
Loading resource: res://assets/scenery/bayou.png
Loading resource: res://.godot/imported/bayou.png-db22ee8f0308b6c16977a23ebbe4edfb.ctex
WARNING: Image format RGB8 not supported by hardware, converting to RGBA8.
     at: _validate_texture_format (servers/rendering/renderer_rd/storage_rd/texture_storage.cpp:2426)
     GDScript backtrace (most recent call first):
         [0] _scene_picture (res://scripts/main.gd:1242)
         [1] _show_travel (res://scripts/main.gd:852)
         [2] _run (res://../tools/capture_full44_main.gd:58)
Loading resource: res://assets/scenery/yangtze.png
Loading resource: res://.godot/imported/yangtze.png-371f857955a90a1b4ce39f275e2566e2.ctex
WARNING: Image format RGB8 not supported by hardware, converting to RGBA8.
     at: _validate_texture_format (servers/rendering/renderer_rd/storage_rd/texture_storage.cpp:2426)
     GDScript backtrace (most recent call first):
         [0] _scene_picture (res://scripts/main.gd:1242)
         [1] _show_travel (res://scripts/main.gd:852)
         [2] _run (res://../tools/capture_full44_main.gd:58)
Loading resource: res://assets/3d/environment/region_norway.glb
Loading resource: res://.godot/imported/region_norway.glb-afde41a6ba7a0f42cd1355ca8bf41952.scn
Loading resource: res://assets/3d/environment/station_boat.glb
Loading resource: res://.godot/imported/station_boat.glb-ebf45f2dfdd84e4bfce7f12b55a18f95.scn
Shader cache miss for SceneForwardMobileShaderRD/7c12ded287ade2dc4911d570d9d9db7efca1a7d17570dfb60e57110d573dee4f/777904e97fe42245ebc3f597cd2b25f9fcaa8b86
MultiUmaBuffer 'RENDER_LIST_OPAQUE' used a total of 0 buffers. A large number may indicate a waste of VRAM and can be brought down by tweaking MAX_EXTRA_BUFFERS for this buffer.
MultiUmaBuffer 'RENDER_LIST_ALPHA' used a total of 0 buffers. A large number may indicate a waste of VRAM and can be brought down by tweaking MAX_EXTRA_BUFFERS for this buffer.
MultiUmaBuffer 'RENDER_LIST_SECONDARY' used a total of 0 buffers. A large number may indicate a waste of VRAM and can be brought down by tweaking MAX_EXTRA_BUFFERS for this buffer.
CAPTURE 01_lobby_norway_start_enabled 720x1280 scene=norway/norway_boat
ORDINARY_ENCOUNTER_RECIPE {"bait":"worm","charge":0.535,"gear":4,"region":"norway","seed":42,"species":"atlantic_cod","spot":"norway_boat"}
CAPTURE 02_actual_cast_over_shoulder 720x1280 scene=norway/norway_boat
Loading resource: res://assets/3d/atlantic_cod.glb
Loading resource: res://.godot/imported/atlantic_cod.glb-099800d0b06312a9d30cf0395e188ffa.scn
Loading resource: res://assets/3d/atlantic_cod_atlantic_cod_Fin_BaseColor.png
Loading resource: res://.godot/imported/atlantic_cod_atlantic_cod_Fin_BaseColor.png-1c462013c9e8f7ecb9510c75eed02dfa.ctex
Loading resource: res://assets/3d/atlantic_cod_atlantic_cod_Fin_Roughness.png
Loading resource: res://.godot/imported/atlantic_cod_atlantic_cod_Fin_Roughness.png-dfebf565126bc483a6a0cff6c911b606.ctex
WARNING: Image format RGB8 not supported by hardware, converting to RGBA8.
     at: _validate_texture_format (servers/rendering/renderer_rd/storage_rd/texture_storage.cpp:2426)
     GDScript backtrace (most recent call first):
         [0] instantiate_fish (res://scripts/fish_3d_registry.gd:34)
         [1] _ensure_fish (res://scripts/fishing_stage_3d.gd:1067)
         [2] _session_changed (res://scripts/fishing_stage_3d.gd:489)
         [3] set_state (res://scripts/fishing_session.gd:34)
         [4] step (res://scripts/fishing_session.gd:109)
         [5] _process (res://scripts/main.gd:429)
         [6] _tick (res://tests/slice3d_tests.gd:109)
         [7] _run (res://../tools/capture_full44_main.gd:83)
         [8] _capture_frame (res://../tools/capture_full44_main.gd:136)
Loading resource: res://assets/3d/atlantic_cod_atlantic_cod_Fin_Normal.png
Loading resource: res://.godot/imported/atlantic_cod_atlantic_cod_Fin_Normal.png-58d0bc8fc1067c7dd9423eb9679382ab.ctex
Loading resource: res://assets/3d/atlantic_cod_atlantic_cod_Skin_BaseColor.png
Loading resource: res://.godot/imported/atlantic_cod_atlantic_cod_Skin_BaseColor.png-cfdec280f2884ff7bccf214665dc7faa.ctex
Loading resource: res://assets/3d/atlantic_cod_atlantic_cod_Skin_Roughness.png
Loading resource: res://.godot/imported/atlantic_cod_atlantic_cod_Skin_Roughness.png-2abda926b313b1d7577bb87c339950fd.ctex
WARNING: Image format RGB8 not supported by hardware, converting to RGBA8.
     at: _validate_texture_format (servers/rendering/renderer_rd/storage_rd/texture_storage.cpp:2426)
     GDScript backtrace (most recent call first):
         [0] instantiate_fish (res://scripts/fish_3d_registry.gd:34)
         [1] _ensure_fish (res://scripts/fishing_stage_3d.gd:1067)
         [2] _session_changed (res://scripts/fishing_stage_3d.gd:489)
         [3] set_state (res://scripts/fishing_session.gd:34)
         [4] step (res://scripts/fishing_session.gd:109)
         [5] _process (res://scripts/main.gd:429)
         [6] _tick (res://tests/slice3d_tests.gd:109)
         [7] _run (res://../tools/capture_full44_main.gd:83)
         [8] _capture_frame (res://../tools/capture_full44_main.gd:136)
Loading resource: res://assets/3d/atlantic_cod_atlantic_cod_Skin_Normal.png
Loading resource: res://.godot/imported/atlantic_cod_atlantic_cod_Skin_Normal.png-4586f051c987870868a4743f3af64451.ctex
Shader cache miss for SceneForwardMobileShaderRD/7c12ded287ade2dc4911d570d9d9db7efca1a7d17570dfb60e57110d573dee4f/554923e4859f834a92ef5870e6092d96ee31e002
CAPTURE 03_actual_cod_breach 720x1280 scene=norway/norway_boat
Loading resource: res://assets/3d/atlantic_cod.glb
Loading resource: res://.godot/imported/atlantic_cod.glb-099800d0b06312a9d30cf0395e188ffa.scn
CAPTURE 04_actual_cod_result_ruler 720x1280 scene=norway/norway_boat
FULL44_MAIN_CAPTURE: 18/18 passed; failures=0; frames=4; output=/workspace/scratch/c16084497664/farshore-fishing/build/qa3d/final_norway_baseline_clean
WARNING: 7 RIDs of type "Texture" were leaked.
   at: finalize (servers/rendering/rendering_device.cpp:7505)
XR: Clearing primary interface
XR: Removed interface "Native mobile"
XR: Removed interface "OpenXR"
MultiUmaBuffer 'SceneState::uniform_buffers' used a total of 16 buffers. A large number may indicate a waste of VRAM and can be brought down by tweaking MAX_EXTRA_BUFFERS for this buffer.
MultiUmaBuffer 'RENDER_LIST_OPAQUE' used a total of 7 buffers. A large number may indicate a waste of VRAM and can be brought down by tweaking MAX_EXTRA_BUFFERS for this buffer.
MultiUmaBuffer 'RENDER_LIST_ALPHA' used a total of 1 buffers. A large number may indicate a waste of VRAM and can be brought down by tweaking MAX_EXTRA_BUFFERS for this buffer.
MultiUmaBuffer 'RENDER_LIST_SECONDARY' used a total of 1 buffers. A large number may indicate a waste of VRAM and can be brought down by tweaking MAX_EXTRA_BUFFERS for this buffer.
MultiUmaBuffer 'CANVAS_INSTANCE_DATA' used a total of 2 buffers. A large number may indicate a waste of VRAM and can be brought down by tweaking MAX_EXTRA_BUFFERS for this buffer.
Accessibility: window 0 adapter destroyed.
