Godot Engine v4.6.3.stable.official.7d41c59c4 - https://godotengine.org

FLOAT_MATRIX_PROGRESS species=common_carp gear=0 runs=192
FLOAT_MATRIX_PROGRESS species=common_carp gear=3 runs=384
FLOAT_MATRIX_PROGRESS species=common_carp gear=4 runs=576
FLOAT_MATRIX_PROGRESS species=crucian_carp gear=0 runs=768
FLOAT_MATRIX_PROGRESS species=crucian_carp gear=3 runs=960
FLOAT_MATRIX_PROGRESS species=crucian_carp gear=4 runs=1152
FLOAT_MATRIX_PROGRESS species=roach gear=0 runs=1344
FLOAT_MATRIX_PROGRESS species=roach gear=3 runs=1536
FLOAT_MATRIX_PROGRESS species=roach gear=4 runs=1728
FLOAT_MATRIX_PROGRESS species=rudd gear=0 runs=1920
FLOAT_MATRIX_PROGRESS species=rudd gear=3 runs=2112
FLOAT_MATRIX_PROGRESS species=rudd gear=4 runs=2304
FLOAT_MATRIX_PROGRESS species=european_perch gear=0 runs=2496
FLOAT_MATRIX_PROGRESS species=european_perch gear=3 runs=2688
FLOAT_MATRIX_PROGRESS species=european_perch gear=4 runs=2880
FLOAT_MATRIX_PROGRESS species=northern_pike gear=1 runs=3072
FLOAT_MATRIX_PROGRESS species=northern_pike gear=3 runs=3264
FLOAT_MATRIX_PROGRESS species=northern_pike gear=4 runs=3456
FLOAT_MATRIX_PROGRESS species=common_bream gear=0 runs=3648
FLOAT_MATRIX_PROGRESS species=common_bream gear=3 runs=3840
FLOAT_MATRIX_PROGRESS species=common_bream gear=4 runs=4032
FLOAT_MATRIX_PROGRESS species=tench gear=0 runs=4224
FLOAT_MATRIX_PROGRESS species=tench gear=3 runs=4416
FLOAT_MATRIX_PROGRESS species=tench gear=4 runs=4608
FLOAT_MATRIX_PROGRESS species=japanese_horse_mackerel gear=0 runs=4800
FLOAT_MATRIX_PROGRESS species=japanese_horse_mackerel gear=3 runs=4992
FLOAT_MATRIX_PROGRESS species=japanese_horse_mackerel gear=4 runs=5184
FLOAT_MATRIX_PROGRESS species=chub_mackerel gear=1 runs=5376
FLOAT_MATRIX_PROGRESS species=chub_mackerel gear=3 runs=5568
FLOAT_MATRIX_PROGRESS species=chub_mackerel gear=4 runs=5760
FLOAT_MATRIX_PROGRESS species=red_seabream gear=1 runs=5952
FLOAT_MATRIX_PROGRESS species=red_seabream gear=3 runs=6144
FLOAT_MATRIX_PROGRESS species=red_seabream gear=4 runs=6336
FLOAT_MATRIX_PROGRESS species=black_seabream gear=1 runs=6528
FLOAT_MATRIX_PROGRESS species=black_seabream gear=3 runs=6720
FLOAT_MATRIX_PROGRESS species=black_seabream gear=4 runs=6912
FLOAT_MATRIX_PROGRESS species=japanese_seabass gear=1 runs=7104
FLOAT_MATRIX_PROGRESS species=japanese_seabass gear=3 runs=7296
FLOAT_MATRIX_PROGRESS species=japanese_seabass gear=4 runs=7488
FLOAT_MATRIX_PROGRESS species=japanese_whiting gear=0 runs=7680
FLOAT_MATRIX_PROGRESS species=japanese_whiting gear=3 runs=7872
FLOAT_MATRIX_PROGRESS species=japanese_whiting gear=4 runs=8064
FLOAT_MATRIX_PROGRESS species=marbled_rockfish gear=1 runs=8256
FLOAT_MATRIX_PROGRESS species=marbled_rockfish gear=3 runs=8448
FLOAT_MATRIX_PROGRESS species=marbled_rockfish gear=4 runs=8640
FLOAT_MATRIX_PROGRESS species=olive_flounder gear=1 runs=8832
FLOAT_MATRIX_PROGRESS species=olive_flounder gear=3 runs=9024
FLOAT_MATRIX_PROGRESS species=olive_flounder gear=4 runs=9216
FLOAT_MATRIX_PROGRESS species=atlantic_cod gear=1 runs=9408
FLOAT_MATRIX_PROGRESS species=atlantic_cod gear=3 runs=9600
FLOAT_MATRIX_PROGRESS species=atlantic_cod gear=4 runs=9792
FLOAT_MATRIX_PROGRESS species=pollack gear=1 runs=9984
FLOAT_MATRIX_PROGRESS species=pollack gear=3 runs=10176
FLOAT_MATRIX_PROGRESS species=pollack gear=4 runs=10368
FLOAT_MATRIX_PROGRESS species=saithe gear=1 runs=10560
FLOAT_MATRIX_PROGRESS species=saithe gear=3 runs=10752
FLOAT_MATRIX_PROGRESS species=saithe gear=4 runs=10944
FLOAT_MATRIX_PROGRESS species=haddock gear=2 runs=11136
FLOAT_MATRIX_PROGRESS species=haddock gear=4 runs=11328
FLOAT_MATRIX_PROGRESS species=atlantic_mackerel gear=1 runs=11520
FLOAT_MATRIX_PROGRESS species=atlantic_mackerel gear=3 runs=11712
FLOAT_MATRIX_PROGRESS species=atlantic_mackerel gear=4 runs=11904
FLOAT_MATRIX_PROGRESS species=atlantic_herring gear=2 runs=12096
FLOAT_MATRIX_PROGRESS species=atlantic_herring gear=3 runs=12288
FLOAT_MATRIX_PROGRESS species=atlantic_herring gear=4 runs=12480
FLOAT_MATRIX_PROGRESS species=european_plaice gear=1 runs=12672
FLOAT_MATRIX_PROGRESS species=european_plaice gear=3 runs=12864
FLOAT_MATRIX_PROGRESS species=european_plaice gear=4 runs=13056
FLOAT_MATRIX_PROGRESS species=atlantic_wolffish gear=2 runs=13248
FLOAT_MATRIX_PROGRESS species=european_seabass gear=1 runs=13440
FLOAT_MATRIX_PROGRESS species=european_seabass gear=3 runs=13632
FLOAT_MATRIX_PROGRESS species=european_seabass gear=4 runs=13824
FLOAT_MATRIX_PROGRESS species=gilthead_seabream gear=1 runs=14016
FLOAT_MATRIX_PROGRESS species=gilthead_seabream gear=3 runs=14208
FLOAT_MATRIX_PROGRESS species=gilthead_seabream gear=4 runs=14400
FLOAT_MATRIX_PROGRESS species=saddled_seabream gear=1 runs=14592
FLOAT_MATRIX_PROGRESS species=saddled_seabream gear=3 runs=14784
FLOAT_MATRIX_PROGRESS species=saddled_seabream gear=4 runs=14976
FLOAT_MATRIX_PROGRESS species=white_seabream gear=1 runs=15168
FLOAT_MATRIX_PROGRESS species=white_seabream gear=3 runs=15360
FLOAT_MATRIX_PROGRESS species=white_seabream gear=4 runs=15552
FLOAT_MATRIX_PROGRESS species=annular_seabream gear=1 runs=15744
FLOAT_MATRIX_PROGRESS species=annular_seabream gear=3 runs=15936
FLOAT_MATRIX_PROGRESS species=annular_seabream gear=4 runs=16128
FLOAT_MATRIX_PROGRESS species=red_mullet gear=1 runs=16320
FLOAT_MATRIX_PROGRESS species=red_mullet gear=3 runs=16512
FLOAT_MATRIX_PROGRESS species=red_mullet gear=4 runs=16704
FLOAT_MATRIX_PROGRESS species=painted_comber gear=1 runs=16896
FLOAT_MATRIX_PROGRESS species=painted_comber gear=3 runs=17088
FLOAT_MATRIX_PROGRESS species=painted_comber gear=4 runs=17280
FLOAT_MATRIX_PROGRESS species=common_pandora gear=1 runs=17472
FLOAT_MATRIX_PROGRESS species=common_pandora gear=3 runs=17664
FLOAT_MATRIX_PROGRESS species=common_pandora gear=4 runs=17856
FLOAT_MATRIX_PROGRESS species=alligator_gar gear=2 runs=18048
FLOAT_MATRIX_PROGRESS species=alligator_gar gear=3 runs=18240
FLOAT_MATRIX_PROGRESS species=alligator_gar gear=4 runs=18432
FLOAT_MATRIX_PROGRESS species=longnose_gar gear=1 runs=18624
FLOAT_MATRIX_PROGRESS species=longnose_gar gear=3 runs=18816
FLOAT_MATRIX_PROGRESS species=longnose_gar gear=4 runs=19008
FLOAT_MATRIX_PROGRESS species=bowfin gear=1 runs=19200
FLOAT_MATRIX_PROGRESS species=bowfin gear=3 runs=19392
FLOAT_MATRIX_PROGRESS species=bowfin gear=4 runs=19584
FLOAT_MATRIX_PROGRESS species=largemouth_bass gear=1 runs=19776
FLOAT_MATRIX_PROGRESS species=largemouth_bass gear=3 runs=19968
FLOAT_MATRIX_PROGRESS species=largemouth_bass gear=4 runs=20160
FLOAT_MATRIX_PROGRESS species=channel_catfish gear=1 runs=20352
FLOAT_MATRIX_PROGRESS species=channel_catfish gear=3 runs=20544
FLOAT_MATRIX_PROGRESS species=channel_catfish gear=4 runs=20736
FLOAT_MATRIX_PROGRESS species=flathead_catfish gear=2 runs=20928
FLOAT_MATRIX_PROGRESS species=flathead_catfish gear=3 runs=21120
FLOAT_MATRIX_PROGRESS species=flathead_catfish gear=4 runs=21312
FLOAT_MATRIX_PROGRESS species=chinese_sturgeon gear=2 runs=21504
FLOAT_MATRIX_PROGRESS species=chinese_sturgeon gear=3 runs=21696
FLOAT_MATRIX_PROGRESS species=chinese_sturgeon gear=4 runs=21888
FLOAT_MATRIX_PROGRESS species=mandarin_fish gear=1 runs=22080
FLOAT_MATRIX_PROGRESS species=mandarin_fish gear=3 runs=22272
FLOAT_MATRIX_PROGRESS species=mandarin_fish gear=4 runs=22464
FLOAT_MATRIX_PROGRESS species=northern_snakehead gear=1 runs=22656
FLOAT_MATRIX_PROGRESS species=northern_snakehead gear=3 runs=22848
FLOAT_MATRIX_PROGRESS species=northern_snakehead gear=4 runs=23040
FLOAT_MATRIX_PROGRESS species=yellowcheek gear=1 runs=23232
FLOAT_MATRIX_PROGRESS species=yellowcheek gear=3 runs=23424
FLOAT_MATRIX_PROGRESS species=yellowcheek gear=4 runs=23616
FLOAT_MATRIX_PROGRESS species=southern_catfish gear=1 runs=23808
FLOAT_MATRIX_PROGRESS species=southern_catfish gear=3 runs=24000
FLOAT_MATRIX_PROGRESS species=southern_catfish gear=4 runs=24192
FLOAT_MATRIX_PROGRESS species=longsnout_catfish gear=1 runs=24384
FLOAT_MATRIX_PROGRESS species=longsnout_catfish gear=3 runs=24576
FLOAT_MATRIX_PROGRESS species=longsnout_catfish gear=4 runs=24768
FLOAT_ENCOUNTER_TESTS: 6273/6273 passed; failures=0; simulations=24768; passive_traces=1032
